<html>
<body>
<pre>
<h1>礦ision Build Log</h1>
<h2>Tool Versions:</h2>
IDE-Version: μVision V5.14.0.0
Copyright (C) 2015 ARM Ltd and ARM Germany GmbH. All rights reserved.
License Information: dong dongZheX, sad, LIC=NHY63-AVITX-WI75K-Z0LYF-1TV5F-ZF3IZ
 
Tool Versions:
Toolchain:       MDK-ARM Professional  Version: 5.14.0.0
Toolchain Path:  D:\Keil_v5\ARM\ARMCC\Bin
C Compiler:      Armcc.exe V5.05 update 1 (build 106)
Assembler:       Armasm.exe V5.05 update 1 (build 106)
Linker/Locator:  ArmLink.exe V5.05 update 1 (build 106)
Library Manager: ArmAr.exe V5.05 update 1 (build 106)
Hex Converter:   FromElf.exe V5.05 update 1 (build 106)
CPU DLL:         SARMCM3.DLL V5.14.0.0
Dialog DLL:      DARMSTM.DLL V1.65.0.0
Target DLL:      STLink\ST-LINKIII-KEIL_SWO.dll V2.0.14.0_KEIL
Dialog DLL:      TARMSTM.DLL V1.64.0.0
 
<h2>Project:</h2>
D:\实验15 RTC实验\USER\RTC.uvprojx
Project File Date:  12/16/2018

<h2>Output:</h2>
Build target 'RTC'
compiling Isd.c...
isd.h(76): warning:  #1-D: last line of file ends without a newline
  #endif
Isd.c(313): warning:  #1-D: last line of file ends without a newline
  }
Isd.c: 2 warnings, 0 errors
linking...
Program Size: Code=46480 RO-data=6648 RW-data=528 ZI-data=32888  
FromELF: creating hex file...
"..\OBJ\RTC.axf" - 0 Error(s), 2 Warning(s).

<h2>Collection of Component include folders:</h2>
  D:\实验15 RTC实验\USER\RTE
  D:\Keil_v5\ARM\PACK\Keil\STM32F1xx_DFP\1.0.5\Device\Include

<h2>Collection of Component Files used:</h2>
</pre>
</body>
</html>
