Component: ARM Compiler 5.05 update 1 (build 106) Tool: armlink [4d0efa]

==============================================================================

Section Cross References

    main.o(.text) refers to delay.o(.text) for delay_init
    main.o(.text) refers to misc.o(.text) for NVIC_PriorityGroupConfig
    main.o(.text) refers to usart.o(.text) for uart_init
    main.o(.text) refers to usart3.o(.text) for usart3_init
    main.o(.text) refers to lcd.o(.text) for LCD_Init
    main.o(.text) refers to led.o(.text) for LED_Init
    main.o(.text) refers to isd.o(.text) for ISD_Init
    main.o(.text) refers to exti.o(.text) for EXTIX_Init
    main.o(.text) refers to rtc.o(.text) for RTC_Init
    main.o(.text) refers to remote.o(.text) for Remote_Init
    main.o(.text) refers to dht11.o(.text) for DHT11_Init
    main.o(.text) refers to system_stm32f10x.o(.data) for SystemCoreClock
    main.o(.text) refers to usmart_config.o(.data) for usmart_dev
    main.o(.text) refers to lcd.o(.data) for POINT_COLOR
    main.o(.text) refers to rtc.o(.bss) for calendar
    system_stm32f10x.o(.text) refers to system_stm32f10x.o(.data) for SystemCoreClock
    led.o(.text) refers to stm32f10x_rcc.o(.text) for RCC_APB2PeriphClockCmd
    led.o(.text) refers to stm32f10x_gpio.o(.text) for GPIO_Init
    key.o(.text) refers to stm32f10x_rcc.o(.text) for RCC_APB2PeriphClockCmd
    key.o(.text) refers to stm32f10x_gpio.o(.text) for GPIO_Init
    key.o(.text) refers to delay.o(.text) for delay_ms
    key.o(.text) refers to key.o(.data) for key_up
    lcd.o(.text) refers to delay.o(.text) for delay_us
    lcd.o(.text) refers to lcd.o(.bss) for lcddev
    lcd.o(.text) refers to lcd.o(.data) for POINT_COLOR
    lcd.o(.text) refers to dfltui.o(.text) for __aeabi_ui2d
    lcd.o(.text) refers to dmul.o(.text) for __aeabi_dmul
    lcd.o(.text) refers to dfixui.o(.text) for __aeabi_d2uiz
    lcd.o(.text) refers to stm32f10x_rcc.o(.text) for RCC_AHBPeriphClockCmd
    lcd.o(.text) refers to stm32f10x_gpio.o(.text) for GPIO_Init
    lcd.o(.text) refers to stm32f10x_fsmc.o(.text) for FSMC_NORSRAMInit
    lcd.o(.text) refers to printf8.o(i.__0printf$8) for __2printf
    lcd.o(.text) refers to lcd.o(.constdata) for asc2_1206
    rtc.o(.text) refers to misc.o(.text) for NVIC_Init
    rtc.o(.text) refers to stm32f10x_rtc.o(.text) for RTC_GetCounter
    rtc.o(.text) refers to stm32f10x_rcc.o(.text) for RCC_APB1PeriphClockCmd
    rtc.o(.text) refers to stm32f10x_pwr.o(.text) for PWR_BackupAccessCmd
    rtc.o(.text) refers to stm32f10x_bkp.o(.text) for BKP_ReadBackupRegister
    rtc.o(.text) refers to delay.o(.text) for delay_ms
    rtc.o(.text) refers to remote.o(.text) for Remote_Init
    rtc.o(.text) refers to beep.o(.text) for BEEP_Init
    rtc.o(.text) refers to lcd.o(.text) for LCD_Clear
    rtc.o(.text) refers to printf8.o(i.__0printf$8) for __2printf
    rtc.o(.text) refers to rtc.o(.constdata) for table_week
    rtc.o(.text) refers to rtc.o(.data) for daycnt
    rtc.o(.text) refers to rtc.o(.bss) for calendar
    rtc.o(.text) refers to strlen.o(.text) for strlen
    rtc.o(.text) refers to malloc.o(i.malloc) for malloc
    rtc.o(.text) refers to strcpy.o(.text) for strcpy
    dht11.o(.text) refers to delay.o(.text) for delay_ms
    dht11.o(.text) refers to stm32f10x_rcc.o(.text) for RCC_APB2PeriphClockCmd
    dht11.o(.text) refers to stm32f10x_gpio.o(.text) for GPIO_Init
    exti.o(.text) refers to key.o(.text) for KEY_Init
    exti.o(.text) refers to stm32f10x_rcc.o(.text) for RCC_APB2PeriphClockCmd
    exti.o(.text) refers to stm32f10x_gpio.o(.text) for GPIO_EXTILineConfig
    exti.o(.text) refers to stm32f10x_exti.o(.text) for EXTI_Init
    exti.o(.text) refers to misc.o(.text) for NVIC_Init
    exti.o(.text) refers to lcd.o(.text) for LCD_Clear
    exti.o(.text) refers to calendar.o(.text) for isRunNian
    exti.o(.text) refers to delay.o(.text) for delay_ms
    exti.o(.text) refers to exti.o(.bss) for my_time
    exti.o(.text) refers to exti.o(.data) for mymonth
    exti.o(.text) refers to rtc.o(.bss) for calendar
    exti.o(.text) refers to remote.o(.text) for Remote_Scan
    exti.o(.text) refers to rtc.o(.text) for RTC_Set
    exti.o(.text) refers to printf8.o(i.__0printf$8) for __2printf
    exti.o(.text) refers to stm32f10x_usart.o(.text) for USART_SendData
    exti.o(.text) refers to lcd.o(.data) for POINT_COLOR
    exti.o(.text) refers to isd.o(.text) for PLAY_NUM
    exti.o(.text) refers to usart.o(.data) for USART_RX_STA
    exti.o(.text) refers to usart.o(.bss) for USART_RX_BUF
    exti.o(.text) refers to usart3.o(.data) for USART3_RX_STA
    exti.o(.text) refers to usart3.o(.bss) for USART3_RX_BUF
    beep.o(.text) refers to stm32f10x_rcc.o(.text) for RCC_APB2PeriphClockCmd
    beep.o(.text) refers to stm32f10x_gpio.o(.text) for GPIO_Init
    remote.o(.text) refers to stm32f10x_rcc.o(.text) for RCC_APB2PeriphClockCmd
    remote.o(.text) refers to stm32f10x_gpio.o(.text) for GPIO_Init
[...]
    printfa.o(i.__0vsprintf) refers (Special) to iusefp.o(.text) for __I$use$fp
    printfa.o(i.__0vsprintf) refers to printfa.o(i._printf_core) for _printf_core
    printfa.o(i.__0vsprintf) refers to printfa.o(i._sputc) for _sputc
    printfa.o(i._fp_digits) refers (Special) to iusefp.o(.text) for __I$use$fp
    printfa.o(i._fp_digits) refers to dmul.o(.text) for __aeabi_dmul
    printfa.o(i._fp_digits) refers to ddiv.o(.text) for __aeabi_ddiv
    printfa.o(i._fp_digits) refers to cdrcmple.o(.text) for __aeabi_cdrcmple
    printfa.o(i._fp_digits) refers to dadd.o(.text) for __aeabi_dadd
    printfa.o(i._fp_digits) refers to dfixul.o(.text) for __aeabi_d2ulz
    printfa.o(i._fp_digits) refers to uldiv.o(.text) for __aeabi_uldivmod
    printfa.o(i._printf_core) refers (Special) to iusefp.o(.text) for __I$use$fp
    printfa.o(i._printf_core) refers to printfa.o(i._printf_pre_padding) for _printf_pre_padding
    printfa.o(i._printf_core) refers to uldiv.o(.text) for __aeabi_uldivmod
    printfa.o(i._printf_core) refers to printfa.o(i._printf_post_padding) for _printf_post_padding
    printfa.o(i._printf_core) refers to printfa.o(i._fp_digits) for _fp_digits
    printfa.o(i._printf_core) refers to uidiv.o(.text) for __aeabi_uidivmod
    printfa.o(i._printf_post_padding) refers (Special) to iusefp.o(.text) for __I$use$fp
    printfa.o(i._printf_pre_padding) refers (Special) to iusefp.o(.text) for __I$use$fp
    printfa.o(i._snputc) refers (Special) to iusefp.o(.text) for __I$use$fp
    printfa.o(i._sputc) refers (Special) to iusefp.o(.text) for __I$use$fp
    malloc.o(i.free) refers to mvars.o(.data) for __microlib_freelist
    malloc.o(i.malloc) refers to mvars.o(.data) for __microlib_freelist_initialised
    malloc.o(i.malloc) refers to mvars.o(.data) for __microlib_freelist
    malloc.o(i.malloc) refers to startup_stm32f10x_hd.o(HEAP) for __heap_base
    mallocr.o(i.__free$realloc) refers to mvars.o(.data) for __microlib_freelist
    mallocr.o(i.__malloc$realloc) refers to mallocr.o(i.internal_alloc) for internal_alloc
    mallocr.o(i.__malloc$realloc) refers to mvars.o(.data) for __microlib_freelist_initialised
    mallocr.o(i.__malloc$realloc) refers to startup_stm32f10x_hd.o(HEAP) for __heap_base
    mallocr.o(i.__malloc$realloc) refers to mvars.o(.data) for __microlib_freelist
    mallocr.o(i.internal_alloc) refers to memcpya.o(.text) for __aeabi_memcpy
    mallocr.o(i.internal_alloc) refers to mvars.o(.data) for __microlib_freelist
    mallocr.o(i.realloc) refers to mallocr.o(i.__free$realloc) for __free$realloc
    mallocr.o(i.realloc) refers to mallocr.o(i.internal_alloc) for internal_alloc
    mallocr.o(i.realloc) refers to mallocr.o(i.__malloc$realloc) for __malloc$realloc
    mallocr.o(i.realloc) refers to mvars.o(.data) for __microlib_freelist
    malloca.o(i.__aligned_malloc) refers to mvars.o(.data) for __microlib_freelist_initialised
    malloca.o(i.__aligned_malloc) refers to mvars.o(.data) for __microlib_freelist
    malloca.o(i.__aligned_malloc) refers to startup_stm32f10x_hd.o(HEAP) for __heap_base
    malloca.o(i.__free$memalign) refers to mvars.o(.data) for __microlib_freelist
    malloca.o(i.__malloc$memalign) refers to malloca.o(i.__aligned_malloc) for __aligned_malloc
    mallocra.o(i.__aligned_malloc$realloc) refers to mallocra.o(i.internal_alloc) for internal_alloc
    mallocra.o(i.__aligned_malloc$realloc) refers to mvars.o(.data) for __microlib_freelist_initialised
    mallocra.o(i.__aligned_malloc$realloc) refers to startup_stm32f10x_hd.o(HEAP) for __heap_base
    mallocra.o(i.__aligned_malloc$realloc) refers to mvars.o(.data) for __microlib_freelist
    mallocra.o(i.__free$realloc$memalign) refers to mvars.o(.data) for __microlib_freelist
    mallocra.o(i.__malloc$realloc$memalign) refers to mallocra.o(i.__aligned_malloc$realloc) for __aligned_malloc$realloc
    mallocra.o(i.__realloc$memalign) refers to mallocra.o(i.__free$realloc$memalign) for __free$realloc$memalign
    mallocra.o(i.__realloc$memalign) refers to mallocra.o(i.internal_alloc) for internal_alloc
    mallocra.o(i.__realloc$memalign) refers to mallocra.o(i.__malloc$realloc$memalign) for __malloc$realloc$memalign
    mallocra.o(i.__realloc$memalign) refers to mvars.o(.data) for __microlib_freelist
    mallocra.o(i.internal_alloc) refers to memcpya.o(.text) for __aeabi_memcpy
    mallocra.o(i.internal_alloc) refers to mvars.o(.data) for __microlib_freelist
    dmul.o(.text) refers (Special) to iusefp.o(.text) for __I$use$fp
    dmul.o(.text) refers to depilogue.o(.text) for _double_epilogue
    dfltui.o(.text) refers (Special) to iusefp.o(.text) for __I$use$fp
    dfltui.o(.text) refers to depilogue.o(.text) for _double_epilogue
    dfixui.o(.text) refers (Special) to iusefp.o(.text) for __I$use$fp
    dfixui.o(.text) refers to llushr.o(.text) for __aeabi_llsr
    entry2.o(.ARM.Collect$$$$00000001) refers to entry2.o(.ARM.Collect$$$$00002712) for __lit__00000000
    entry2.o(.ARM.Collect$$$$00002712) refers to startup_stm32f10x_hd.o(STACK) for __initial_sp
    entry2.o(__vectab_stack_and_reset_area) refers to startup_stm32f10x_hd.o(STACK) for __initial_sp
    entry2.o(__vectab_stack_and_reset_area) refers to entry.o(.ARM.Collect$$$$00000000) for __main
    entry5.o(.ARM.Collect$$$$00000004) refers to init.o(.text) for __scatterload
    entry9a.o(.ARM.Collect$$$$0000000B) refers to main.o(.text) for main
    entry9b.o(.ARM.Collect$$$$0000000C) refers to main.o(.text) for main
    uldiv.o(.text) refers to llushr.o(.text) for __aeabi_llsr
    uldiv.o(.text) refers to llshl.o(.text) for __aeabi_llsl
    depilogue.o(.text) refers to llshl.o(.text) for __aeabi_llsl
    depilogue.o(.text) refers to llushr.o(.text) for __aeabi_llsr
    dadd.o(.text) refers to llshl.o(.text) for __aeabi_llsl
    dadd.o(.text) refers to llsshr.o(.text) for __aeabi_lasr
    dadd.o(.text) refers to depilogue.o(.text) for _double_epilogue
    ddiv.o(.text) refers to depilogue.o(.text) for _double_round
    dfixul.o(.text) refers to llushr.o(.text) for __aeabi_llsr
    dfixul.o(.text) refers to llshl.o(.text) for __aeabi_llsl
    init.o(.text) refers to entry5.o(.ARM.Collect$$$$00000004) for __main_after_scatterload


==============================================================================

Removing Unused input sections from the image.

    Removing sys.o(.emb_text), (6 bytes).
    Removing sys.o(.text), (12 bytes).
    Removing core_cm3.o(.emb_text), (32 bytes).
    Removing dadd.o(.text), (334 bytes).
    Removing ddiv.o(.text), (222 bytes).
    Removing dfixul.o(.text), (48 bytes).
    Removing cdrcmple.o(.text), (48 bytes).

7 unused section(s) (total 702 bytes) removed from the image.

==============================================================================

Image Symbol Table

    Local Symbols

    Symbol Name                              Value     Ov Type        Size  Object(Section)

    ../clib/../cmprslib/zerorunl2.c          0x00000000   Number         0  __dczerorl2.o ABSOLUTE
    ../clib/microlib/division.c              0x00000000   Number         0  uldiv.o ABSOLUTE
    ../clib/microlib/division.c              0x00000000   Number         0  uidiv.o ABSOLUTE
    ../clib/microlib/init/entry.s            0x00000000   Number         0  entry11a.o ABSOLUTE
    ../clib/microlib/init/entry.s            0x00000000   Number         0  entry.o ABSOLUTE
    ../clib/microlib/init/entry.s            0x00000000   Number         0  entry10b.o ABSOLUTE
    ../clib/microlib/init/entry.s            0x00000000   Number         0  entry7b.o ABSOLUTE
    ../clib/microlib/init/entry.s            0x00000000   Number         0  entry7a.o ABSOLUTE
    ../clib/microlib/init/entry.s            0x00000000   Number         0  entry10a.o ABSOLUTE
    ../clib/microlib/init/entry.s            0x00000000   Number         0  entry9b.o ABSOLUTE
    ../clib/microlib/init/entry.s            0x00000000   Number         0  entry9a.o ABSOLUTE
    ../clib/microlib/init/entry.s            0x00000000   Number         0  entry2.o ABSOLUTE
    ../clib/microlib/init/entry.s            0x00000000   Number         0  entry5.o ABSOLUTE
    ../clib/microlib/init/entry.s            0x00000000   Number         0  entry8b.o ABSOLUTE
    ../clib/microlib/init/entry.s            0x00000000   Number         0  entry11b.o ABSOLUTE
    ../clib/microlib/init/entry.s            0x00000000   Number         0  entry8a.o ABSOLUTE
    ../clib/microlib/longlong.c              0x00000000   Number         0  llsshr.o ABSOLUTE
    ../clib/microlib/longlong.c              0x00000000   Number         0  llshl.o ABSOLUTE
    ../clib/microlib/longlong.c              0x00000000   Number         0  llushr.o ABSOLUTE
    ../clib/microlib/malloc/malloc.c         0x00000000   Number         0  malloc.o ABSOLUTE
    ../clib/microlib/malloc/malloc.c         0x00000000   Number         0  mallocr.o ABSOLUTE
    ../clib/microlib/malloc/malloc.c         0x00000000   Number         0  malloca.o ABSOLUTE
    ../clib/microlib/malloc/malloc.c         0x00000000   Number         0  mallocra.o ABSOLUTE
    ../clib/microlib/malloc/mvars.c          0x00000000   Number         0  mvars.o ABSOLUTE
    ../clib/microlib/printf/printf.c         0x00000000   Number         0  printf0.o ABSOLUTE
    ../clib/microlib/printf/printf.c         0x00000000   Number         0  printfb.o ABSOLUTE
    ../clib/microlib/printf/printf.c         0x00000000   Number         0  printf7.o ABSOLUTE
    ../clib/microlib/printf/printf.c         0x00000000   Number         0  printfa.o ABSOLUTE
    ../clib/microlib/printf/printf.c         0x00000000   Number         0  printf8.o ABSOLUTE
    ../clib/microlib/printf/printf.c         0x00000000   Number         0  printf6.o ABSOLUTE
    ../clib/microlib/printf/printf.c         0x00000000   Number         0  printf5.o ABSOLUTE
    ../clib/microlib/printf/printf.c         0x00000000   Number         0  printf4.o ABSOLUTE
    ../clib/microlib/printf/printf.c         0x00000000   Number         0  printf3.o ABSOLUTE
    ../clib/microlib/printf/printf.c         0x00000000   Number         0  printf2.o ABSOLUTE
    ../clib/microlib/printf/printf.c         0x00000000   Number         0  printf1.o ABSOLUTE
    ../clib/microlib/printf/stubs.s          0x00000000   Number         0  stubs.o ABSOLUTE
    ../clib/microlib/string/memcpy.c         0x00000000   Number         0  memcpyb.o ABSOLUTE
    ../clib/microlib/string/memcpy.c         0x00000000   Number         0  memcpya.o ABSOLUTE
    ../clib/microlib/string/strcpy.c         0x00000000   Number         0  strcpy.o ABSOLUTE
    ../clib/microlib/string/strlen.c         0x00000000   Number         0  strlen.o ABSOLUTE
    ../clib/microlib/stubs.s                 0x00000000   Number         0  iusefp.o ABSOLUTE
    ../clib/microlib/stubs.s                 0x00000000   Number         0  useno.o ABSOLUTE
    ../fplib/microlib/fpadd.c                0x00000000   Number         0  dadd.o ABSOLUTE
    ../fplib/microlib/fpdiv.c                0x00000000   Number         0  ddiv.o ABSOLUTE
    ../fplib/microlib/fpepilogue.c           0x00000000   Number         0  depilogue.o ABSOLUTE
    ../fplib/microlib/fpfix.c                0x00000000   Number         0  dfixul.o ABSOLUTE
    ../fplib/microlib/fpfix.c                0x00000000   Number         0  dfixui.o ABSOLUTE
    ../fplib/microlib/fpflt.c                0x00000000   Number         0  dfltui.o ABSOLUTE
    ../fplib/microlib/fpmul.c                0x00000000   Number         0  dmul.o ABSOLUTE
    ..\CORE\core_cm3.c                       0x00000000   Number         0  core_cm3.o ABSOLUTE
    ..\CORE\startup_stm32f10x_hd.s           0x00000000   Number         0  startup_stm32f10x_hd.o ABSOLUTE
    ..\HARDWARE\BEEP\beep.c                  0x00000000   Number         0  beep.o ABSOLUTE
    ..\HARDWARE\DHT11\dht11.c                0x00000000   Number         0  dht11.o ABSOLUTE
    ..\HARDWARE\EXTI\calendar.c              0x00000000   Number         0  calendar.o ABSOLUTE
    ..\HARDWARE\EXTI\exti.c                  0x00000000   Number         0  exti.o ABSOLUTE
    ..\HARDWARE\KEY\key.c                    0x00000000   Number         0  key.o ABSOLUTE
    ..\HARDWARE\LCD\lcd.c                    0x00000000   Number         0  lcd.o ABSOLUTE
    ..\HARDWARE\LED\led.c                    0x00000000   Number         0  led.o ABSOLUTE
    ..\HARDWARE\REMOTE\remote.c              0x00000000   Number         0  remote.o ABSOLUTE
    ..\HARDWARE\RTC\rtc.c                    0x00000000   Number         0  rtc.o ABSOLUTE
    ..\HARDWARE\USART3\usart3.c              0x00000000   Number         0  usart3.o ABSOLUTE
    ..\STM32F10x_FWLib\src\misc.c            0x00000000   Number         0  misc.o ABSOLUTE
    ..\STM32F10x_FWLib\src\stm32f10x_bkp.c   0x00000000   Number         0  stm32f10x_bkp.o ABSOLUTE
    ..\STM32F10x_FWLib\src\stm32f10x_exti.c  0x00000000   Number         0  stm32f10x_exti.o ABSOLUTE
    ..\STM32F10x_FWLib\src\stm32f10x_fsmc.c  0x00000000   Number         0  stm32f10x_fsmc.o ABSOLUTE
    ..\STM32F10x_FWLib\src\stm32f10x_gpio.c  0x00000000   Number         0  stm32f10x_gpio.o ABSOLUTE
    ..\STM32F10x_FWLib\src\stm32f10x_pwr.c   0x00000000   Number         0  stm32f10x_pwr.o ABSOLUTE
    ..\STM32F10x_FWLib\src\stm32f10x_rcc.c   0x00000000   Number         0  stm32f10x_rcc.o ABSOLUTE
    ..\STM32F10x_FWLib\src\stm32f10x_rtc.c   0x00000000   Number         0  stm32f10x_rtc.o ABSOLUTE
    ..\STM32F10x_FWLib\src\stm32f10x_tim.c   0x00000000   Number         0  stm32f10x_tim.o ABSOLUTE
    ..\STM32F10x_FWLib\src\stm32f10x_usart.c 0x00000000   Number         0  stm32f10x_usart.o ABSOLUTE
    ..\SYSTEM\delay\delay.c                  0x00000000   Number         0  delay.o ABSOLUTE
    ..\SYSTEM\sys\sys.c                      0x00000000   Number         0  sys.o ABSOLUTE
    ..\SYSTEM\usart\usart.c                  0x00000000   Number         0  usart.o ABSOLUTE
    ..\USMART\usmart.c                       0x00000000   Number         0  usmart.o ABSOLUTE
    ..\USMART\usmart_config.c                0x00000000   Number         0  usmart_config.o ABSOLUTE
    ..\USMART\usmart_str.c                   0x00000000   Number         0  usmart_str.o ABSOLUTE
    ..\\CORE\\core_cm3.c                     0x00000000   Number         0  core_cm3.o ABSOLUTE
    ..\\SYSTEM\\sys\\sys.c                   0x00000000   Number         0  sys.o ABSOLUTE
    Isd.c                                    0x00000000   Number         0  isd.o ABSOLUTE
    cdrcmple.s                               0x00000000   Number         0  cdrcmple.o ABSOLUTE
    dc.s                                     0x00000000   Number         0  dc.o ABSOLUTE
    handlers.s                               0x00000000   Number         0  handlers.o ABSOLUTE
    init.s                                   0x00000000   Number         0  init.o ABSOLUTE
    main.c                                   0x00000000   Number         0  main.o ABSOLUTE
    stm32f10x_it.c                           0x00000000   Number         0  stm32f10x_it.o ABSOLUTE
    system_stm32f10x.c                       0x00000000   Number         0  system_stm32f10x.o ABSOLUTE
    RESET                                    0x08000000   Section      304  startup_stm32f10x_hd.o(RESET)
    .ARM.Collect$$$$00000000                 0x08000130   Section        0  entry.o(.ARM.Collect$$$$00000000)
    .ARM.Collect$$$$00000001                 0x08000130   Section        4  entry2.o(.ARM.Collect$$$$00000001)
    .ARM.Collect$$$$00000004                 0x08000134   Section        4  entry5.o(.ARM.Collect$$$$00000004)
    .ARM.Collect$$$$00000008                 0x08000138   Section        0  entry7b.o(.ARM.Collect$$$$00000008)
    .ARM.Collect$$$$0000000A                 0x08000138   Section        0  entry8b.o(.ARM.Collect$$$$0000000A)
    .ARM.Collect$$$$0000000B                 0x08000138   Section        8  entry9a.o(.ARM.Collect$$$$0000000B)
    .ARM.Collect$$$$0000000D                 0x08000140   Section        0  entry10a.o(.ARM.Collect$$$$0000000D)
    .ARM.Collect$$$$0000000F                 0x08000140   Section        0  entry11a.o(.ARM.Collect$$$$0000000F)
    .ARM.Collect$$$$00002712                 0x08000140   Section        4  entry2.o(.ARM.Collect$$$$00002712)
    __lit__00000000                          0x08000140   Data           4  entry2.o(.ARM.Collect$$$$00002712)
    .text                                    0x08000144   Section        0  main.o(.text)
    .text                                    0x080004ec   Section        0  stm32f10x_it.o(.text)
    .text                                    0x08000508   Section        0  system_stm32f10x.o(.text)
    SetSysClockTo72                          0x08000509   Thumb Code   214  system_stm32f10x.o(.text)
    SetSysClock                              0x080005df   Thumb Code     8  system_stm32f10x.o(.text)
    .text                                    0x080006e8   Section        0  led.o(.text)
    .text                                    0x08000734   Section        0  key.o(.text)
    .text                                    0x0800080c   Section        0  lcd.o(.text)
    .text                                    0x08005264   Section        0  rtc.o(.text)
    RTC_NVIC_Config                          0x08005265   Thumb Code    30  rtc.o(.text)
    .text                                    0x080058bc   Section        0  dht11.o(.text)
    .text                                    0x08005a58   Section        0  exti.o(.text)
    .text                                    0x080069a8   Section        0  beep.o(.text)
    .text                                    0x080069e0   Section        0  remote.o(.text)
    .text                                    0x08006c9c   Section        0  usart3.o(.text)
    .text                                    0x08006dcc   Section        0  calendar.o(.text)
    .text                                    0x0800717c   Section        0  isd.o(.text)
    .text                                    0x080076f0   Section        0  delay.o(.text)
    .text                                    0x080077c4   Section        0  usart.o(.text)
    .text                                    0x08007908   Section       36  startup_stm32f10x_hd.o(.text)
    .text                                    0x0800792c   Section        0  misc.o(.text)
    .text                                    0x08007a08   Section        0  stm32f10x_bkp.o(.text)
    .text                                    0x08007acc   Section        0  stm32f10x_fsmc.o(.text)
    .text                                    0x080080d8   Section        0  stm32f10x_gpio.o(.text)
    .text                                    0x08008434   Section        0  stm32f10x_pwr.o(.text)
    .text                                    0x08008500   Section        0  stm32f10x_rcc.o(.text)
    .text                                    0x080088a4   Section        0  stm32f10x_usart.o(.text)
    .text                                    0x08008cac   Section        0  stm32f10x_rtc.o(.text)
    .text                                    0x08008df4   Section        0  stm32f10x_tim.o(.text)
    TI4_Config                               0x0800929b   Thumb Code   130  stm32f10x_tim.o(.text)
    TI3_Config                               0x0800932f   Thumb Code   122  stm32f10x_tim.o(.text)
    TI2_Config                               0x080093c3   Thumb Code   130  stm32f10x_tim.o(.text)
    TI1_Config                               0x08009457   Thumb Code   108  stm32f10x_tim.o(.text)
    .text                                    0x08009c10   Section        0  stm32f10x_exti.o(.text)
    .text                                    0x08009d2c   Section        0  usmart.o(.text)
    .text                                    0x0800a964   Section        0  usmart_str.o(.text)
    .text                                    0x0800ae8c   Section        0  strlen.o(.text)
    .text                                    0x0800ae9a   Section        0  strcpy.o(.text)
    .text                                    0x0800aeac   Section        0  dmul.o(.text)
    .text                                    0x0800af90   Section        0  dfltui.o(.text)
    .text                                    0x0800afaa   Section        0  dfixui.o(.text)
    .text                                    0x0800afdc   Section        0  uldiv.o(.text)
    .text                                    0x0800b03e   Section        0  llushr.o(.text)
    .text                                    0x0800b05e   Section        0  depilogue.o(.text)
    .text                                    0x0800b05e   Section        0  iusefp.o(.text)
    .text                                    0x0800b118   Section       36  init.o(.text)
    .text                                    0x0800b13c   Section        0  llshl.o(.text)
    .text                                    0x0800b15a   Section        0  __dczerorl2.o(.text)
    i.__0printf$8                            0x0800b1b0   Section        0  printf8.o(i.__0printf$8)
    i.__scatterload_copy                     0x0800b1d0   Section       14  handlers.o(i.__scatterload_copy)
    i.__scatterload_null                     0x0800b1de   Section        2  handlers.o(i.__scatterload_null)
    i.__scatterload_zeroinit                 0x0800b1e0   Section       14  handlers.o(i.__scatterload_zeroinit)
    i._printf_core                           0x0800b1f0   Section        0  printf8.o(i._printf_core)
    _printf_core                             0x0800b1f1   Thumb Code   996  printf8.o(i._printf_core)
    i._printf_post_padding                   0x0800b600   Section        0  printf8.o(i._printf_post_padding)
    _printf_post_padding                     0x0800b601   Thumb Code    36  printf8.o(i._printf_post_padding)
    i._printf_pre_padding                    0x0800b624   Section        0  printf8.o(i._printf_pre_padding)
    _printf_pre_padding                      0x0800b625   Thumb Code    46  printf8.o(i._printf_pre_padding)
    i.malloc                                 0x0800b654   Section        0  malloc.o(i.malloc)
    .constdata                               0x0800b6c0   Section     6080  lcd.o(.constdata)
    .constdata                               0x0800ce80   Section       24  rtc.o(.constdata)
    .conststring                             0x0800ce98   Section       40  usmart.o(.conststring)
    .conststring                             0x0800cec0   Section      167  usmart_config.o(.conststring)
    .data                                    0x20000000   Section       20  system_stm32f10x.o(.data)
    .data                                    0x20000014   Section        1  key.o(.data)
    key_up                                   0x20000014   Data           1  key.o(.data)
    .data                                    0x20000016   Section        4  lcd.o(.data)
    .data                                    0x2000001a   Section        2  rtc.o(.data)
    daycnt                                   0x2000001a   Data           2  rtc.o(.data)
    .data                                    0x2000001c   Section       76  exti.o(.data)
    .data                                    0x20000068   Section        9  remote.o(.data)
    .data                                    0x20000072   Section        2  usart3.o(.data)
    .data                                    0x20000074   Section       52  calendar.o(.data)
    .data                                    0x200000a8   Section        6  isd.o(.data)
    .data                                    0x200000ae   Section        4  delay.o(.data)
    fac_us                                   0x200000ae   Data           1  delay.o(.data)
    fac_ms                                   0x200000b0   Data           2  delay.o(.data)
    .data                                    0x200000b4   Section        6  usart.o(.data)
    .data                                    0x200000ba   Section       20  stm32f10x_rcc.o(.data)
    APBAHBPrescTable                         0x200000ba   Data          16  stm32f10x_rcc.o(.data)
    ADCPrescTable                            0x200000ca   Data           4  stm32f10x_rcc.o(.data)
    .data                                    0x200000d0   Section       28  usmart.o(.data)
    .data                                    0x200000ec   Section      284  usmart_config.o(.data)
    .data                                    0x20000208   Section        4  mvars.o(.data)
    .data                                    0x2000020c   Section        4  mvars.o(.data)
    .bss                                     0x20000210   Section       14  lcd.o(.bss)
    .bss                                     0x2000021e   Section       10  rtc.o(.bss)
    .bss                                     0x20000228   Section       24  exti.o(.bss)
    .bss                                     0x20000240   Section    30600  usart3.o(.bss)
    .bss                                     0x200079c8   Section      504  calendar.o(.bss)
    .bss                                     0x20007bc0   Section      200  usart.o(.bss)
    HEAP                                     0x20007c88   Section      512  startup_stm32f10x_hd.o(HEAP)
    STACK                                    0x20007e88   Section     1024  startup_stm32f10x_hd.o(STACK)

    Global Symbols

    Symbol Name                              Value     Ov Type        Size  Object(Section)

    BuildAttributes$$THM_ISAv4$P$D$K$B$S$PE$A:L22UL41UL21$X:L11$S22US41US21$IEEE1$IW$USESV6$~STKCKD$USESV7$~SHL$OSPACE$ROPI$EBA8$MICROLIB$REQ8$PRES8$EABIv2 0x00000000   Number         0  anon$$obj.o ABSOLUTE
    __ARM_use_no_argv                        0x00000000   Number         0  main.o ABSOLUTE
    __use_no_errno                           0x00000000   Number         0  useno.o ABSOLUTE
    __use_no_exception_handling              0x00000000   Number         0  useno.o ABSOLUTE
    __use_no_fp                              0x00000000   Number         0  useno.o ABSOLUTE
    __use_no_heap                            0x00000000   Number         0  useno.o ABSOLUTE
    __use_no_heap_region                     0x00000000   Number         0  useno.o ABSOLUTE
    __use_no_semihosting                     0x00000000   Number         0  useno.o ABSOLUTE
    __use_no_semihosting_swi                 0x00000000   Number         0  useno.o ABSOLUTE
    __use_no_signal_handling                 0x00000000   Number         0  useno.o ABSOLUTE
    _printf_a                                0x00000000   Number         0  stubs.o ABSOLUTE
    _printf_c                                0x00000000   Number         0  stubs.o ABSOLUTE
    _printf_charcount                        0x00000000   Number         0  stubs.o ABSOLUTE
    _printf_d                                0x00000000   Number         0  stubs.o ABSOLUTE
    _printf_e                                0x00000000   Number         0  stubs.o ABSOLUTE
    _printf_f                                0x00000000   Number         0  stubs.o ABSOLUTE
    _printf_flags                            0x00000000   Number         0  stubs.o ABSOLUTE
    _printf_fp_dec                           0x00000000   Number         0  stubs.o ABSOLUTE
    _printf_fp_hex                           0x00000000   Number         0  stubs.o ABSOLUTE
    _printf_g                                0x00000000   Number         0  stubs.o ABSOLUTE
    _printf_i                                0x00000000   Number         0  stubs.o ABSOLUTE
    _printf_int_dec                          0x00000000   Number         0  stubs.o ABSOLUTE
    _printf_l                                0x00000000   Number         0  stubs.o ABSOLUTE
    _printf_lc                               0x00000000   Number         0  stubs.o ABSOLUTE
    _printf_ll                               0x00000000   Number         0  stubs.o ABSOLUTE
    _printf_lld                              0x00000000   Number         0  stubs.o ABSOLUTE
    _printf_lli                              0x00000000   Number         0  stubs.o ABSOLUTE
    _printf_llo                              0x00000000   Number         0  stubs.o ABSOLUTE
    _printf_llu                              0x00000000   Number         0  stubs.o ABSOLUTE
    _printf_llx                              0x00000000   Number         0  stubs.o ABSOLUTE
    _printf_longlong_dec                     0x00000000   Number         0  stubs.o ABSOLUTE
    _printf_longlong_hex                     0x00000000   Number         0  stubs.o ABSOLUTE
    _printf_longlong_oct                     0x00000000   Number         0  stubs.o ABSOLUTE
    _printf_ls                               0x00000000   Number         0  stubs.o ABSOLUTE
    _printf_mbtowc                           0x00000000   Number         0  stubs.o ABSOLUTE
    _printf_n                                0x00000000   Number         0  stubs.o ABSOLUTE
    _printf_o                                0x00000000   Number         0  stubs.o ABSOLUTE
    _printf_p                                0x00000000   Number         0  stubs.o ABSOLUTE
    _printf_percent                          0x00000000   Number         0  stubs.o ABSOLUTE
    _printf_pre_padding                      0x00000000   Number         0  stubs.o ABSOLUTE
    _printf_return_value                     0x00000000   Number         0  stubs.o ABSOLUTE
    _printf_s                                0x00000000   Number         0  stubs.o ABSOLUTE
    _printf_sizespec                         0x00000000   Number         0  stubs.o ABSOLUTE
    _printf_str                              0x00000000   Number         0  stubs.o ABSOLUTE
    _printf_truncate_signed                  0x00000000   Number         0  stubs.o ABSOLUTE
    _printf_truncate_unsigned                0x00000000   Number         0  stubs.o ABSOLUTE
    _printf_u                                0x00000000   Number         0  stubs.o ABSOLUTE
    _printf_wc                               0x00000000   Number         0  stubs.o ABSOLUTE
    _printf_wctomb                           0x00000000   Number         0  stubs.o ABSOLUTE
    _printf_widthprec                        0x00000000   Number         0  stubs.o ABSOLUTE
    _printf_x                                0x00000000   Number         0  stubs.o ABSOLUTE
    __cpp_initialize__aeabi_                  - Undefined Weak Reference
    __cxa_finalize                            - Undefined Weak Reference
    _clock_init                               - Undefined Weak Reference
    _microlib_exit                            - Undefined Weak Reference
    __Vectors_Size                           0x00000130   Number         0  startup_stm32f10x_hd.o ABSOLUTE
    __Vectors                                0x08000000   Data           4  startup_stm32f10x_hd.o(RESET)
    __Vectors_End                            0x08000130   Data           0  startup_stm32f10x_hd.o(RESET)
    __main                                   0x08000131   Thumb Code     0  entry.o(.ARM.Collect$$$$00000000)
    _main_stk                                0x08000131   Thumb Code     0  entry2.o(.ARM.Collect$$$$00000001)
    _main_scatterload                        0x08000135   Thumb Code     0  entry5.o(.ARM.Collect$$$$00000004)
    __main_after_scatterload                 0x08000139   Thumb Code     0  entry5.o(.ARM.Collect$$$$00000004)
    _main_clock                              0x08000139   Thumb Code     0  entry7b.o(.ARM.Collect$$$$00000008)
    _main_cpp_init                           0x08000139   Thumb Code     0  entry8b.o(.ARM.Collect$$$$0000000A)
    _main_init                               0x08000139   Thumb Code     0  entry9a.o(.ARM.Collect$$$$0000000B)
    __rt_final_cpp                           0x08000141   Thumb Code     0  entry10a.o(.ARM.Collect$$$$0000000D)
    __rt_final_exit                          0x08000141   Thumb Code     0  entry11a.o(.ARM.Collect$$$$0000000F)
    main                                     0x08000145   Thumb Code   722  main.o(.text)
    NMI_Handler                              0x080004ed   Thumb Code     2  stm32f10x_it.o(.text)
    HardFault_Handler                        0x080004ef   Thumb Code     4  stm32f10x_it.o(.text)
    MemManage_Handler                        0x080004f3   Thumb Code     4  stm32f10x_it.o(.text)
    BusFault_Handler                         0x080004f7   Thumb Code     4  stm32f10x_it.o(.text)
    UsageFault_Handler                       0x080004fb   Thumb Code     4  stm32f10x_it.o(.text)
    SVC_Handler                              0x080004ff   Thumb Code     2  stm32f10x_it.o(.text)
    DebugMon_Handler                         0x08000501   Thumb Code     2  stm32f10x_it.o(.text)
    PendSV_Handler                           0x08000503   Thumb Code     2  stm32f10x_it.o(.text)
    SysTick_Handler                          0x08000505   Thumb Code     2  stm32f10x_it.o(.text)
    SystemInit                               0x080005e7   Thumb Code    78  system_stm32f10x.o(.text)
    SystemCoreClockUpdate                    0x08000635   Thumb Code   142  system_stm32f10x.o(.text)
    LED_Init                                 0x080006e9   Thumb Code    68  led.o(.text)
    KEY_Init                                 0x08000735   Thumb Code    52  key.o(.text)
    KEY_Scan                                 0x08000769   Thumb Code   150  key.o(.text)
    LCD_WR_REG                               0x0800080d   Thumb Code     6  lcd.o(.text)
    LCD_WR_DATA                              0x08000813   Thumb Code     8  lcd.o(.text)
    LCD_RD_DATA                              0x0800081b   Thumb Code    16  lcd.o(.text)
    LCD_WriteReg                             0x0800082b   Thumb Code    10  lcd.o(.text)
    LCD_ReadReg                              0x08000835   Thumb Code    22  lcd.o(.text)
    LCD_WriteRAM_Prepare                     0x0800084b   Thumb Code    10  lcd.o(.text)
    LCD_WriteRAM                             0x08000855   Thumb Code     8  lcd.o(.text)
    LCD_BGR2RGB                              0x0800085d   Thumb Code    26  lcd.o(.text)
    opt_delay                                0x08000877   Thumb Code    14  lcd.o(.text)
    LCD_SetCursor                            0x08000885   Thumb Code   418  lcd.o(.text)
    LCD_ReadPoint                            0x08000a27   Thumb Code   360  lcd.o(.text)
    LCD_DisplayOn                            0x08000b8f   Thumb Code   102  lcd.o(.text)
    LCD_DisplayOff                           0x08000bf5   Thumb Code    90  lcd.o(.text)
    LCD_Scan_Dir                             0x08000c4f   Thumb Code   744  lcd.o(.text)
    LCD_DrawPoint                            0x08000f37   Thumb Code    28  lcd.o(.text)
    LCD_Fast_DrawPoint                       0x08000f53   Thumb Code   384  lcd.o(.text)
    LCD_SSD_BackLightSet                     0x080010d3   Thumb Code    80  lcd.o(.text)
    LCD_Display_Dir                          0x08001123   Thumb Code   444  lcd.o(.text)
    LCD_Set_Window                           0x080012df   Thumb Code   540  lcd.o(.text)
    LCD_Clear                                0x080014fb   Thumb Code   100  lcd.o(.text)
    LCD_Init                                 0x0800155f   Thumb Code 14184  lcd.o(.text)
    LCD_Fill                                 0x08004cc7   Thumb Code   178  lcd.o(.text)
    LCD_Color_Fill                           0x08004d79   Thumb Code   106  lcd.o(.text)
    LCD_DrawLine                             0x08004de3   Thumb Code   176  lcd.o(.text)
    LCD_DrawRectangle                        0x08004e93   Thumb Code    60  lcd.o(.text)
    LCD_Draw_Circle                          0x08004ecf   Thumb Code   152  lcd.o(.text)
    LCD_ShowChar                             0x08004f67   Thumb Code   272  lcd.o(.text)
    LCD_Pow                                  0x08005077   Thumb Code    22  lcd.o(.text)
    LCD_ShowNum                              0x0800508d   Thumb Code   148  lcd.o(.text)
    LCD_ShowxNum                             0x08005121   Thumb Code   220  lcd.o(.text)
    LCD_ShowString                           0x080051fd   Thumb Code   102  lcd.o(.text)
    RTC_Get_Week                             0x08005283   Thumb Code   116  rtc.o(.text)
    Is_Leap_Year                             0x080052f7   Thumb Code    58  rtc.o(.text)
    RTC_Get                                  0x08005331   Thumb Code   240  rtc.o(.text)
    RTC_Init                                 0x08005421   Thumb Code   170  rtc.o(.text)
    RTC_IRQHandler                           0x080054cb   Thumb Code   348  rtc.o(.text)
    RTC_Set                                  0x08005627   Thumb Code   184  rtc.o(.text)
    RTC_Alarm_Set                            0x080056df   Thumb Code   326  rtc.o(.text)
    split                                    0x08005825   Thumb Code   140  rtc.o(.text)
    DHT11_Rst                                0x080058bd   Thumb Code    52  dht11.o(.text)
    DHT11_Check                              0x080058f1   Thumb Code    96  dht11.o(.text)
    DHT11_Read_Bit                           0x08005951   Thumb Code    76  dht11.o(.text)
    DHT11_Read_Byte                          0x0800599d   Thumb Code    30  dht11.o(.text)
    DHT11_Read_Data                          0x080059bb   Thumb Code    88  dht11.o(.text)
    DHT11_Init                               0x08005a13   Thumb Code    58  dht11.o(.text)
    EXTIX_Init                               0x08005a59   Thumb Code   174  exti.o(.text)
    backToMain                               0x08005b07   Thumb Code   112  exti.o(.text)
    modify                                   0x08005b77   Thumb Code   412  exti.o(.text)
    set                                      0x08005d13   Thumb Code   232  exti.o(.text)
    setTime                                  0x08005dfb   Thumb Code   582  exti.o(.text)
    clear                                    0x08006041   Thumb Code    18  exti.o(.text)
    str2int                                  0x08006053   Thumb Code    78  exti.o(.text)
    setAlarm                                 0x080060a1   Thumb Code   366  exti.o(.text)
    alterTime                                0x0800620f   Thumb Code   338  exti.o(.text)
    alterDate                                0x08006361   Thumb Code   644  exti.o(.text)
    funcTionMenu                             0x080065e5   Thumb Code   210  exti.o(.text)
    EXTI0_IRQHandler                         0x080066b7   Thumb Code    40  exti.o(.text)
    EXTI3_IRQHandler                         0x080066df   Thumb Code    34  exti.o(.text)
    setPresent                               0x08006701   Thumb Code   322  exti.o(.text)
    EXTI4_IRQHandler                         0x08006843   Thumb Code   352  exti.o(.text)
    BEEP_Init                                0x080069a9   Thumb Code    50  beep.o(.text)
    Remote_Init                              0x080069e1   Thumb Code   180  remote.o(.text)
    TIM4_IRQHandler                          0x08006a95   Thumb Code   384  remote.o(.text)
    Remote_Scan                              0x08006c15   Thumb Code    92  remote.o(.text)
    reSet                                    0x08006c71   Thumb Code    14  remote.o(.text)
    USART3_IRQHandler                        0x08006c9d   Thumb Code   120  usart3.o(.text)
    usart3_init                              0x08006d15   Thumb Code   166  usart3.o(.text)
    whatTheDay                               0x08006dcd   Thumb Code   128  calendar.o(.text)
    isRunNian                                0x08006e4d   Thumb Code    64  calendar.o(.text)
    generate                                 0x08006e8d   Thumb Code   144  calendar.o(.text)
    InitPosition                             0x08006f1d   Thumb Code    70  calendar.o(.text)
    show                                     0x08006f63   Thumb Code   474  calendar.o(.text)
    delayus                                  0x0800717d   Thumb Code    16  isd.o(.text)
    Delay                                    0x0800718d   Thumb Code    26  isd.o(.text)
    SPISendData                              0x080071a7   Thumb Code   110  isd.o(.text)
    RdStatus                                 0x08007215   Thumb Code    88  isd.o(.text)
    ClrInt                                   0x0800726d   Thumb Code    38  isd.o(.text)
    ISD_WR_NVCFG                             0x08007293   Thumb Code    38  isd.o(.text)
    ISD_WR_APC2                              0x080072b9   Thumb Code    48  isd.o(.text)
    RdAPC                                    0x080072e9   Thumb Code   104  isd.o(.text)
    ISD_PU                                   0x08007351   Thumb Code    38  isd.o(.text)
    ISD_Reset                                0x08007377   Thumb Code    38  isd.o(.text)
    ISD_Init                                 0x0800739d   Thumb Code    90  isd.o(.text)
    ISD_CHK_MEM                              0x080073f7   Thumb Code    38  isd.o(.text)
    ISD_Stop                                 0x0800741d   Thumb Code    38  isd.o(.text)
    ISD_PD                                   0x08007443   Thumb Code    38  isd.o(.text)
    RD_DevID                                 0x08007469   Thumb Code    92  isd.o(.text)
    ISD_PLAY                                 0x080074c5   Thumb Code   138  isd.o(.text)
    ISD_FWD                                  0x0800754f   Thumb Code   210  isd.o(.text)
    Erase_All                                0x08007621   Thumb Code    38  isd.o(.text)
    ISD1760_config                           0x08007647   Thumb Code    66  isd.o(.text)
    PLAY_NUM                                 0x08007689   Thumb Code    90  isd.o(.text)
    delay_init                               0x080076f1   Thumb Code    50  delay.o(.text)
    delay_us                                 0x08007723   Thumb Code    72  delay.o(.text)
    delay_ms                                 0x0800776b   Thumb Code    72  delay.o(.text)
    _sys_exit                                0x080077c5   Thumb Code     6  usart.o(.text)
    fputc                                    0x080077cb   Thumb Code    24  usart.o(.text)
    uart_init                                0x080077e3   Thumb Code   154  usart.o(.text)
    USART1_IRQHandler                        0x0800787d   Thumb Code   122  usart.o(.text)
    Reset_Handler                            0x08007909   Thumb Code     8  startup_stm32f10x_hd.o(.text)
    ADC1_2_IRQHandler                        0x08007923   Thumb Code     0  startup_stm32f10x_hd.o(.text)
    ADC3_IRQHandler                          0x08007923   Thumb Code     0  startup_stm32f10x_hd.o(.text)
    CAN1_RX1_IRQHandler                      0x08007923   Thumb Code     0  startup_stm32f10x_hd.o(.text)
    CAN1_SCE_IRQHandler                      0x08007923   Thumb Code     0  startup_stm32f10x_hd.o(.text)
    DMA1_Channel1_IRQHandler                 0x08007923   Thumb Code     0  startup_stm32f10x_hd.o(.text)
    DMA1_Channel2_IRQHandler                 0x08007923   Thumb Code     0  startup_stm32f10x_hd.o(.text)
    DMA1_Channel3_IRQHandler                 0x08007923   Thumb Code     0  startup_stm32f10x_hd.o(.text)
    DMA1_Channel4_IRQHandler                 0x08007923   Thumb Code     0  startup_stm32f10x_hd.o(.text)
    DMA1_Channel5_IRQHandler                 0x08007923   Thumb Code     0  startup_stm32f10x_hd.o(.text)
    DMA1_Channel6_IRQHandler                 0x08007923   Thumb Code     0  startup_stm32f10x_hd.o(.text)
    DMA1_Channel7_IRQHandler                 0x08007923   Thumb Code     0  startup_stm32f10x_hd.o(.text)
    DMA2_Channel1_IRQHandler                 0x08007923   Thumb Code     0  startup_stm32f10x_hd.o(.text)
    DMA2_Channel2_IRQHandler                 0x08007923   Thumb Code     0  startup_stm32f10x_hd.o(.text)
    DMA2_Channel3_IRQHandler                 0x08007923   Thumb Code     0  startup_stm32f10x_hd.o(.text)
    DMA2_Channel4_5_IRQHandler               0x08007923   Thumb Code     0  startup_stm32f10x_hd.o(.text)
    EXTI15_10_IRQHandler                     0x08007923   Thumb Code     0  startup_stm32f10x_hd.o(.text)
    EXTI1_IRQHandler                         0x08007923   Thumb Code     0  startup_stm32f10x_hd.o(.text)
    EXTI2_IRQHandler                         0x08007923   Thumb Code     0  startup_stm32f10x_hd.o(.text)
    EXTI9_5_IRQHandler                       0x08007923   Thumb Code     0  startup_stm32f10x_hd.o(.text)
    FLASH_IRQHandler                         0x08007923   Thumb Code     0  startup_stm32f10x_hd.o(.text)
    FSMC_IRQHandler                          0x08007923   Thumb Code     0  startup_stm32f10x_hd.o(.text)
    I2C1_ER_IRQHandler                       0x08007923   Thumb Code     0  startup_stm32f10x_hd.o(.text)
    I2C1_EV_IRQHandler                       0x08007923   Thumb Code     0  startup_stm32f10x_hd.o(.text)
    I2C2_ER_IRQHandler                       0x08007923   Thumb Code     0  startup_stm32f10x_hd.o(.text)
    I2C2_EV_IRQHandler                       0x08007923   Thumb Code     0  startup_stm32f10x_hd.o(.text)
    PVD_IRQHandler                           0x08007923   Thumb Code     0  startup_stm32f10x_hd.o(.text)
    RCC_IRQHandler                           0x08007923   Thumb Code     0  startup_stm32f10x_hd.o(.text)
    RTCAlarm_IRQHandler                      0x08007923   Thumb Code     0  startup_stm32f10x_hd.o(.text)
    SDIO_IRQHandler                          0x08007923   Thumb Code     0  startup_stm32f10x_hd.o(.text)
    SPI1_IRQHandler                          0x08007923   Thumb Code     0  startup_stm32f10x_hd.o(.text)
    SPI2_IRQHandler                          0x08007923   Thumb Code     0  startup_stm32f10x_hd.o(.text)
    SPI3_IRQHandler                          0x08007923   Thumb Code     0  startup_stm32f10x_hd.o(.text)
    TAMPER_IRQHandler                        0x08007923   Thumb Code     0  startup_stm32f10x_hd.o(.text)
    TIM1_BRK_IRQHandler                      0x08007923   Thumb Code     0  startup_stm32f10x_hd.o(.text)
    TIM1_CC_IRQHandler                       0x08007923   Thumb Code     0  startup_stm32f10x_hd.o(.text)
    TIM1_TRG_COM_IRQHandler                  0x08007923   Thumb Code     0  startup_stm32f10x_hd.o(.text)
    TIM1_UP_IRQHandler                       0x08007923   Thumb Code     0  startup_stm32f10x_hd.o(.text)
    TIM2_IRQHandler                          0x08007923   Thumb Code     0  startup_stm32f10x_hd.o(.text)
    TIM3_IRQHandler                          0x08007923   Thumb Code     0  startup_stm32f10x_hd.o(.text)
    TIM5_IRQHandler                          0x08007923   Thumb Code     0  startup_stm32f10x_hd.o(.text)
    TIM6_IRQHandler                          0x08007923   Thumb Code     0  startup_stm32f10x_hd.o(.text)
    TIM7_IRQHandler                          0x08007923   Thumb Code     0  startup_stm32f10x_hd.o(.text)
    TIM8_BRK_IRQHandler                      0x08007923   Thumb Code     0  startup_stm32f10x_hd.o(.text)
    TIM8_CC_IRQHandler                       0x08007923   Thumb Code     0  startup_stm32f10x_hd.o(.text)
    TIM8_TRG_COM_IRQHandler                  0x08007923   Thumb Code     0  startup_stm32f10x_hd.o(.text)
    TIM8_UP_IRQHandler                       0x08007923   Thumb Code     0  startup_stm32f10x_hd.o(.text)
    UART4_IRQHandler                         0x08007923   Thumb Code     0  startup_stm32f10x_hd.o(.text)
    UART5_IRQHandler                         0x08007923   Thumb Code     0  startup_stm32f10x_hd.o(.text)
    USART2_IRQHandler                        0x08007923   Thumb Code     0  startup_stm32f10x_hd.o(.text)
    USBWakeUp_IRQHandler                     0x08007923   Thumb Code     0  startup_stm32f10x_hd.o(.text)
    USB_HP_CAN1_TX_IRQHandler                0x08007923   Thumb Code     0  startup_stm32f10x_hd.o(.text)
    USB_LP_CAN1_RX0_IRQHandler               0x08007923   Thumb Code     0  startup_stm32f10x_hd.o(.text)
    WWDG_IRQHandler                          0x08007923   Thumb Code     0  startup_stm32f10x_hd.o(.text)
    NVIC_PriorityGroupConfig                 0x0800792d   Thumb Code    10  misc.o(.text)
    NVIC_Init                                0x08007937   Thumb Code   100  misc.o(.text)
    NVIC_SetVectorTable                      0x0800799b   Thumb Code    14  misc.o(.text)
    NVIC_SystemLPConfig                      0x080079a9   Thumb Code    34  misc.o(.text)
    SysTick_CLKSourceConfig                  0x080079cb   Thumb Code    40  misc.o(.text)
    BKP_DeInit                               0x08007a09   Thumb Code    16  stm32f10x_bkp.o(.text)
    BKP_TamperPinLevelConfig                 0x08007a19   Thumb Code     6  stm32f10x_bkp.o(.text)
    BKP_TamperPinCmd                         0x08007a1f   Thumb Code     8  stm32f10x_bkp.o(.text)
    BKP_ITConfig                             0x08007a27   Thumb Code     8  stm32f10x_bkp.o(.text)
    BKP_RTCOutputConfig                      0x08007a2f   Thumb Code    22  stm32f10x_bkp.o(.text)
    BKP_SetRTCCalibrationValue               0x08007a45   Thumb Code    22  stm32f10x_bkp.o(.text)
    BKP_WriteBackupRegister                  0x08007a5b   Thumb Code    24  stm32f10x_bkp.o(.text)
    BKP_ReadBackupRegister                   0x08007a73   Thumb Code    26  stm32f10x_bkp.o(.text)
    BKP_GetFlagStatus                        0x08007a8d   Thumb Code    10  stm32f10x_bkp.o(.text)
    BKP_ClearFlag                            0x08007a97   Thumb Code    18  stm32f10x_bkp.o(.text)
    BKP_GetITStatus                          0x08007aa9   Thumb Code    10  stm32f10x_bkp.o(.text)
    BKP_ClearITPendingBit                    0x08007ab3   Thumb Code    18  stm32f10x_bkp.o(.text)
    FSMC_NORSRAMDeInit                       0x08007acd   Thumb Code    54  stm32f10x_fsmc.o(.text)
    FSMC_NANDDeInit                          0x08007b03   Thumb Code    62  stm32f10x_fsmc.o(.text)
    FSMC_PCCARDDeInit                        0x08007b41   Thumb Code    36  stm32f10x_fsmc.o(.text)
    FSMC_NORSRAMInit                         0x08007b65   Thumb Code   230  stm32f10x_fsmc.o(.text)
    FSMC_NANDInit                            0x08007c4b   Thumb Code   132  stm32f10x_fsmc.o(.text)
    FSMC_PCCARDInit                          0x08007ccf   Thumb Code   130  stm32f10x_fsmc.o(.text)
    FSMC_NORSRAMStructInit                   0x08007d51   Thumb Code   114  stm32f10x_fsmc.o(.text)
    FSMC_NANDStructInit                      0x08007dc3   Thumb Code    54  stm32f10x_fsmc.o(.text)
    FSMC_PCCARDStructInit                    0x08007df9   Thumb Code    60  stm32f10x_fsmc.o(.text)
    FSMC_NORSRAMCmd                          0x08007e35   Thumb Code    46  stm32f10x_fsmc.o(.text)
    FSMC_NANDCmd                             0x08007e63   Thumb Code    86  stm32f10x_fsmc.o(.text)
    FSMC_PCCARDCmd                           0x08007eb9   Thumb Code    44  stm32f10x_fsmc.o(.text)
    FSMC_NANDECCCmd                          0x08007ee5   Thumb Code    90  stm32f10x_fsmc.o(.text)
    FSMC_GetECC                              0x08007f3f   Thumb Code    24  stm32f10x_fsmc.o(.text)
    FSMC_ITConfig                            0x08007f57   Thumb Code   128  stm32f10x_fsmc.o(.text)
    FSMC_GetFlagStatus                       0x08007fd7   Thumb Code    54  stm32f10x_fsmc.o(.text)
    FSMC_ClearFlag                           0x0800800d   Thumb Code    62  stm32f10x_fsmc.o(.text)
    FSMC_GetITStatus                         0x0800804b   Thumb Code    64  stm32f10x_fsmc.o(.text)
    FSMC_ClearITPendingBit                   0x0800808b   Thumb Code    68  stm32f10x_fsmc.o(.text)
    GPIO_DeInit                              0x080080d9   Thumb Code   172  stm32f10x_gpio.o(.text)
    GPIO_AFIODeInit                          0x08008185   Thumb Code    20  stm32f10x_gpio.o(.text)
    GPIO_Init                                0x08008199   Thumb Code   278  stm32f10x_gpio.o(.text)
    GPIO_StructInit                          0x080082af   Thumb Code    16  stm32f10x_gpio.o(.text)
    GPIO_ReadInputDataBit                    0x080082bf   Thumb Code    18  stm32f10x_gpio.o(.text)
    GPIO_ReadInputData                       0x080082d1   Thumb Code     8  stm32f10x_gpio.o(.text)
    GPIO_ReadOutputDataBit                   0x080082d9   Thumb Code    18  stm32f10x_gpio.o(.text)
    GPIO_ReadOutputData                      0x080082eb   Thumb Code     8  stm32f10x_gpio.o(.text)
    GPIO_SetBits                             0x080082f3   Thumb Code     4  stm32f10x_gpio.o(.text)
    GPIO_ResetBits                           0x080082f7   Thumb Code     4  stm32f10x_gpio.o(.text)
    GPIO_WriteBit                            0x080082fb   Thumb Code    10  stm32f10x_gpio.o(.text)
    GPIO_Write                               0x08008305   Thumb Code     4  stm32f10x_gpio.o(.text)
    GPIO_PinLockConfig                       0x08008309   Thumb Code    18  stm32f10x_gpio.o(.text)
    GPIO_EventOutputConfig                   0x0800831b   Thumb Code    26  stm32f10x_gpio.o(.text)
    GPIO_EventOutputCmd                      0x08008335   Thumb Code     6  stm32f10x_gpio.o(.text)
    GPIO_PinRemapConfig                      0x0800833b   Thumb Code   138  stm32f10x_gpio.o(.text)
    GPIO_EXTILineConfig                      0x080083c5   Thumb Code    66  stm32f10x_gpio.o(.text)
    GPIO_ETH_MediaInterfaceConfig            0x08008407   Thumb Code     8  stm32f10x_gpio.o(.text)
    PWR_DeInit                               0x08008435   Thumb Code    22  stm32f10x_pwr.o(.text)
    PWR_BackupAccessCmd                      0x0800844b   Thumb Code     6  stm32f10x_pwr.o(.text)
    PWR_PVDCmd                               0x08008451   Thumb Code     6  stm32f10x_pwr.o(.text)
    PWR_PVDLevelConfig                       0x08008457   Thumb Code    18  stm32f10x_pwr.o(.text)
    PWR_WakeUpPinCmd                         0x08008469   Thumb Code     8  stm32f10x_pwr.o(.text)
    PWR_EnterSTOPMode                        0x08008471   Thumb Code    54  stm32f10x_pwr.o(.text)
    PWR_EnterSTANDBYMode                     0x080084a7   Thumb Code    42  stm32f10x_pwr.o(.text)
    PWR_GetFlagStatus                        0x080084d1   Thumb Code    20  stm32f10x_pwr.o(.text)
    PWR_ClearFlag                            0x080084e5   Thumb Code    14  stm32f10x_pwr.o(.text)
    RCC_DeInit                               0x08008501   Thumb Code    64  stm32f10x_rcc.o(.text)
    RCC_HSEConfig                            0x08008541   Thumb Code    70  stm32f10x_rcc.o(.text)
    RCC_GetFlagStatus                        0x08008587   Thumb Code    56  stm32f10x_rcc.o(.text)
    RCC_WaitForHSEStartUp                    0x080085bf   Thumb Code    56  stm32f10x_rcc.o(.text)
    RCC_AdjustHSICalibrationValue            0x080085f7   Thumb Code    20  stm32f10x_rcc.o(.text)
    RCC_HSICmd                               0x0800860b   Thumb Code     6  stm32f10x_rcc.o(.text)
    RCC_PLLConfig                            0x08008611   Thumb Code    24  stm32f10x_rcc.o(.text)
    RCC_PLLCmd                               0x08008629   Thumb Code     6  stm32f10x_rcc.o(.text)
    RCC_SYSCLKConfig                         0x0800862f   Thumb Code    18  stm32f10x_rcc.o(.text)
    RCC_GetSYSCLKSource                      0x08008641   Thumb Code    10  stm32f10x_rcc.o(.text)
    RCC_HCLKConfig                           0x0800864b   Thumb Code    18  stm32f10x_rcc.o(.text)
    RCC_PCLK1Config                          0x0800865d   Thumb Code    18  stm32f10x_rcc.o(.text)
    RCC_PCLK2Config                          0x0800866f   Thumb Code    20  stm32f10x_rcc.o(.text)
    RCC_ITConfig                             0x08008683   Thumb Code    26  stm32f10x_rcc.o(.text)
    RCC_USBCLKConfig                         0x0800869d   Thumb Code     8  stm32f10x_rcc.o(.text)
    RCC_ADCCLKConfig                         0x080086a5   Thumb Code    18  stm32f10x_rcc.o(.text)
    RCC_LSEConfig                            0x080086b7   Thumb Code    50  stm32f10x_rcc.o(.text)
    RCC_LSICmd                               0x080086e9   Thumb Code     6  stm32f10x_rcc.o(.text)
    RCC_RTCCLKConfig                         0x080086ef   Thumb Code    12  stm32f10x_rcc.o(.text)
    RCC_RTCCLKCmd                            0x080086fb   Thumb Code     8  stm32f10x_rcc.o(.text)
    RCC_GetClocksFreq                        0x08008703   Thumb Code   192  stm32f10x_rcc.o(.text)
    RCC_AHBPeriphClockCmd                    0x080087c3   Thumb Code    26  stm32f10x_rcc.o(.text)
    RCC_APB2PeriphClockCmd                   0x080087dd   Thumb Code    26  stm32f10x_rcc.o(.text)
    RCC_APB1PeriphClockCmd                   0x080087f7   Thumb Code    26  stm32f10x_rcc.o(.text)
    RCC_APB2PeriphResetCmd                   0x08008811   Thumb Code    26  stm32f10x_rcc.o(.text)
    RCC_APB1PeriphResetCmd                   0x0800882b   Thumb Code    26  stm32f10x_rcc.o(.text)
    RCC_BackupResetCmd                       0x08008845   Thumb Code     8  stm32f10x_rcc.o(.text)
    RCC_ClockSecuritySystemCmd               0x0800884d   Thumb Code     6  stm32f10x_rcc.o(.text)
    RCC_MCOConfig                            0x08008853   Thumb Code     6  stm32f10x_rcc.o(.text)
    RCC_ClearFlag                            0x08008859   Thumb Code    14  stm32f10x_rcc.o(.text)
    RCC_GetITStatus                          0x08008867   Thumb Code    20  stm32f10x_rcc.o(.text)
    RCC_ClearITPendingBit                    0x0800887b   Thumb Code     6  stm32f10x_rcc.o(.text)
    USART_DeInit                             0x080088a5   Thumb Code   134  stm32f10x_usart.o(.text)
    USART_Init                               0x0800892b   Thumb Code   210  stm32f10x_usart.o(.text)
    USART_StructInit                         0x080089fd   Thumb Code    24  stm32f10x_usart.o(.text)
    USART_ClockInit                          0x08008a15   Thumb Code    34  stm32f10x_usart.o(.text)
    USART_ClockStructInit                    0x08008a37   Thumb Code    12  stm32f10x_usart.o(.text)
    USART_Cmd                                0x08008a43   Thumb Code    24  stm32f10x_usart.o(.text)
    USART_ITConfig                           0x08008a5b   Thumb Code    74  stm32f10x_usart.o(.text)
    USART_DMACmd                             0x08008aa5   Thumb Code    18  stm32f10x_usart.o(.text)
    USART_SetAddress                         0x08008ab7   Thumb Code    18  stm32f10x_usart.o(.text)
    USART_WakeUpConfig                       0x08008ac9   Thumb Code    18  stm32f10x_usart.o(.text)
    USART_ReceiverWakeUpCmd                  0x08008adb   Thumb Code    24  stm32f10x_usart.o(.text)
    USART_LINBreakDetectLengthConfig         0x08008af3   Thumb Code    18  stm32f10x_usart.o(.text)
    USART_LINCmd                             0x08008b05   Thumb Code    24  stm32f10x_usart.o(.text)
    USART_SendData                           0x08008b1d   Thumb Code     8  stm32f10x_usart.o(.text)
    USART_ReceiveData                        0x08008b25   Thumb Code    10  stm32f10x_usart.o(.text)
    USART_SendBreak                          0x08008b2f   Thumb Code    10  stm32f10x_usart.o(.text)
    USART_SetGuardTime                       0x08008b39   Thumb Code    16  stm32f10x_usart.o(.text)
    USART_SetPrescaler                       0x08008b49   Thumb Code    16  stm32f10x_usart.o(.text)
    USART_SmartCardCmd                       0x08008b59   Thumb Code    24  stm32f10x_usart.o(.text)
    USART_SmartCardNACKCmd                   0x08008b71   Thumb Code    24  stm32f10x_usart.o(.text)
    USART_HalfDuplexCmd                      0x08008b89   Thumb Code    24  stm32f10x_usart.o(.text)
    USART_OverSampling8Cmd                   0x08008ba1   Thumb Code    22  stm32f10x_usart.o(.text)
    USART_OneBitMethodCmd                    0x08008bb7   Thumb Code    24  stm32f10x_usart.o(.text)
    USART_IrDAConfig                         0x08008bcf   Thumb Code    18  stm32f10x_usart.o(.text)
    USART_IrDACmd                            0x08008be1   Thumb Code    24  stm32f10x_usart.o(.text)
    USART_GetFlagStatus                      0x08008bf9   Thumb Code    26  stm32f10x_usart.o(.text)
    USART_ClearFlag                          0x08008c13   Thumb Code    18  stm32f10x_usart.o(.text)
    USART_GetITStatus                        0x08008c25   Thumb Code    84  stm32f10x_usart.o(.text)
    USART_ClearITPendingBit                  0x08008c79   Thumb Code    52  stm32f10x_usart.o(.text)
    RTC_ITConfig                             0x08008cad   Thumb Code    26  stm32f10x_rtc.o(.text)
    RTC_EnterConfigMode                      0x08008cc7   Thumb Code    18  stm32f10x_rtc.o(.text)
    RTC_ExitConfigMode                       0x08008cd9   Thumb Code    20  stm32f10x_rtc.o(.text)
    RTC_GetCounter                           0x08008ced   Thumb Code    18  stm32f10x_rtc.o(.text)
    RTC_SetCounter                           0x08008cff   Thumb Code    26  stm32f10x_rtc.o(.text)
    RTC_SetPrescaler                         0x08008d19   Thumb Code    28  stm32f10x_rtc.o(.text)
    RTC_SetAlarm                             0x08008d35   Thumb Code    26  stm32f10x_rtc.o(.text)
    RTC_GetDivider                           0x08008d4f   Thumb Code    22  stm32f10x_rtc.o(.text)
    RTC_WaitForLastTask                      0x08008d65   Thumb Code    18  stm32f10x_rtc.o(.text)
    RTC_WaitForSynchro                       0x08008d77   Thumb Code    36  stm32f10x_rtc.o(.text)
    RTC_GetFlagStatus                        0x08008d9b   Thumb Code    22  stm32f10x_rtc.o(.text)
    RTC_ClearFlag                            0x08008db1   Thumb Code    16  stm32f10x_rtc.o(.text)
    RTC_GetITStatus                          0x08008dc1   Thumb Code    32  stm32f10x_rtc.o(.text)
    RTC_ClearITPendingBit                    0x08008de1   Thumb Code    16  stm32f10x_rtc.o(.text)
    TIM_DeInit                               0x08008df5   Thumb Code   424  stm32f10x_tim.o(.text)
    TIM_TimeBaseInit                         0x08008f9d   Thumb Code   122  stm32f10x_tim.o(.text)
    TIM_OC1Init                              0x08009017   Thumb Code   132  stm32f10x_tim.o(.text)
    TIM_OC2Init                              0x0800909b   Thumb Code   154  stm32f10x_tim.o(.text)
    TIM_OC3Init                              0x08009135   Thumb Code   150  stm32f10x_tim.o(.text)
    TIM_OC4Init                              0x080091cb   Thumb Code   182  stm32f10x_tim.o(.text)
    TIM_SetIC4Prescaler                      0x08009281   Thumb Code    26  stm32f10x_tim.o(.text)
    TIM_SetIC3Prescaler                      0x0800931d   Thumb Code    18  stm32f10x_tim.o(.text)
    TIM_SetIC2Prescaler                      0x080093a9   Thumb Code    26  stm32f10x_tim.o(.text)
    TIM_SetIC1Prescaler                      0x08009445   Thumb Code    18  stm32f10x_tim.o(.text)
    TIM_ICInit                               0x080094c3   Thumb Code   150  stm32f10x_tim.o(.text)
    TIM_PWMIConfig                           0x08009559   Thumb Code   124  stm32f10x_tim.o(.text)
    TIM_BDTRConfig                           0x080095d5   Thumb Code    32  stm32f10x_tim.o(.text)
    TIM_TimeBaseStructInit                   0x080095f5   Thumb Code    18  stm32f10x_tim.o(.text)
    TIM_OCStructInit                         0x08009607   Thumb Code    20  stm32f10x_tim.o(.text)
    TIM_ICStructInit                         0x0800961b   Thumb Code    18  stm32f10x_tim.o(.text)
    TIM_BDTRStructInit                       0x0800962d   Thumb Code    40  stm32f10x_tim.o(.text)
    TIM_Cmd                                  0x08009655   Thumb Code    24  stm32f10x_tim.o(.text)
    TIM_CtrlPWMOutputs                       0x0800966d   Thumb Code    30  stm32f10x_tim.o(.text)
    TIM_ITConfig                             0x0800968b   Thumb Code    18  stm32f10x_tim.o(.text)
    TIM_GenerateEvent                        0x0800969d   Thumb Code     4  stm32f10x_tim.o(.text)
    TIM_DMAConfig                            0x080096a1   Thumb Code    10  stm32f10x_tim.o(.text)
    TIM_DMACmd                               0x080096ab   Thumb Code    18  stm32f10x_tim.o(.text)
    TIM_InternalClockConfig                  0x080096bd   Thumb Code    12  stm32f10x_tim.o(.text)
    TIM_SelectInputTrigger                   0x080096c9   Thumb Code    18  stm32f10x_tim.o(.text)
    TIM_ITRxExternalClockConfig              0x080096db   Thumb Code    24  stm32f10x_tim.o(.text)
    TIM_TIxExternalClockConfig               0x080096f3   Thumb Code    62  stm32f10x_tim.o(.text)
    TIM_ETRConfig                            0x08009731   Thumb Code    28  stm32f10x_tim.o(.text)
    TIM_ETRClockMode1Config                  0x0800974d   Thumb Code    54  stm32f10x_tim.o(.text)
    TIM_ETRClockMode2Config                  0x08009783   Thumb Code    32  stm32f10x_tim.o(.text)
    TIM_PrescalerConfig                      0x080097a3   Thumb Code     6  stm32f10x_tim.o(.text)
    TIM_CounterModeConfig                    0x080097a9   Thumb Code    18  stm32f10x_tim.o(.text)
    TIM_EncoderInterfaceConfig               0x080097bb   Thumb Code    66  stm32f10x_tim.o(.text)
    TIM_ForcedOC1Config                      0x080097fd   Thumb Code    18  stm32f10x_tim.o(.text)
    TIM_ForcedOC2Config                      0x0800980f   Thumb Code    26  stm32f10x_tim.o(.text)
    TIM_ForcedOC3Config                      0x08009829   Thumb Code    18  stm32f10x_tim.o(.text)
    TIM_ForcedOC4Config                      0x0800983b   Thumb Code    26  stm32f10x_tim.o(.text)
    TIM_ARRPreloadConfig                     0x08009855   Thumb Code    24  stm32f10x_tim.o(.text)
    TIM_SelectCOM                            0x0800986d   Thumb Code    24  stm32f10x_tim.o(.text)
    TIM_SelectCCDMA                          0x08009885   Thumb Code    24  stm32f10x_tim.o(.text)
    TIM_CCPreloadControl                     0x0800989d   Thumb Code    24  stm32f10x_tim.o(.text)
    TIM_OC1PreloadConfig                     0x080098b5   Thumb Code    18  stm32f10x_tim.o(.text)
    TIM_OC2PreloadConfig                     0x080098c7   Thumb Code    26  stm32f10x_tim.o(.text)
    TIM_OC3PreloadConfig                     0x080098e1   Thumb Code    18  stm32f10x_tim.o(.text)
    TIM_OC4PreloadConfig                     0x080098f3   Thumb Code    26  stm32f10x_tim.o(.text)
    TIM_OC1FastConfig                        0x0800990d   Thumb Code    18  stm32f10x_tim.o(.text)
    TIM_OC2FastConfig                        0x0800991f   Thumb Code    26  stm32f10x_tim.o(.text)
    TIM_OC3FastConfig                        0x08009939   Thumb Code    18  stm32f10x_tim.o(.text)
    TIM_OC4FastConfig                        0x0800994b   Thumb Code    26  stm32f10x_tim.o(.text)
    TIM_ClearOC1Ref                          0x08009965   Thumb Code    18  stm32f10x_tim.o(.text)
    TIM_ClearOC2Ref                          0x08009977   Thumb Code    24  stm32f10x_tim.o(.text)
    TIM_ClearOC3Ref                          0x0800998f   Thumb Code    18  stm32f10x_tim.o(.text)
    TIM_ClearOC4Ref                          0x080099a1   Thumb Code    24  stm32f10x_tim.o(.text)
    TIM_OC1PolarityConfig                    0x080099b9   Thumb Code    18  stm32f10x_tim.o(.text)
    TIM_OC1NPolarityConfig                   0x080099cb   Thumb Code    18  stm32f10x_tim.o(.text)
    TIM_OC2PolarityConfig                    0x080099dd   Thumb Code    26  stm32f10x_tim.o(.text)
    TIM_OC2NPolarityConfig                   0x080099f7   Thumb Code    26  stm32f10x_tim.o(.text)
    TIM_OC3PolarityConfig                    0x08009a11   Thumb Code    26  stm32f10x_tim.o(.text)
    TIM_OC3NPolarityConfig                   0x08009a2b   Thumb Code    26  stm32f10x_tim.o(.text)
    TIM_OC4PolarityConfig                    0x08009a45   Thumb Code    26  stm32f10x_tim.o(.text)
    TIM_CCxCmd                               0x08009a5f   Thumb Code    30  stm32f10x_tim.o(.text)
    TIM_CCxNCmd                              0x08009a7d   Thumb Code    30  stm32f10x_tim.o(.text)
    TIM_SelectOCxM                           0x08009a9b   Thumb Code    82  stm32f10x_tim.o(.text)
    TIM_UpdateDisableConfig                  0x08009aed   Thumb Code    24  stm32f10x_tim.o(.text)
    TIM_UpdateRequestConfig                  0x08009b05   Thumb Code    24  stm32f10x_tim.o(.text)
    TIM_SelectHallSensor                     0x08009b1d   Thumb Code    24  stm32f10x_tim.o(.text)
    TIM_SelectOnePulseMode                   0x08009b35   Thumb Code    18  stm32f10x_tim.o(.text)
    TIM_SelectOutputTrigger                  0x08009b47   Thumb Code    18  stm32f10x_tim.o(.text)
    TIM_SelectSlaveMode                      0x08009b59   Thumb Code    18  stm32f10x_tim.o(.text)
    TIM_SelectMasterSlaveMode                0x08009b6b   Thumb Code    18  stm32f10x_tim.o(.text)
    TIM_SetCounter                           0x08009b7d   Thumb Code     4  stm32f10x_tim.o(.text)
    TIM_SetAutoreload                        0x08009b81   Thumb Code     4  stm32f10x_tim.o(.text)
    TIM_SetCompare1                          0x08009b85   Thumb Code     4  stm32f10x_tim.o(.text)
    TIM_SetCompare2                          0x08009b89   Thumb Code     4  stm32f10x_tim.o(.text)
    TIM_SetCompare3                          0x08009b8d   Thumb Code     4  stm32f10x_tim.o(.text)
    TIM_SetCompare4                          0x08009b91   Thumb Code     6  stm32f10x_tim.o(.text)
    TIM_SetClockDivision                     0x08009b97   Thumb Code    18  stm32f10x_tim.o(.text)
    TIM_GetCapture1                          0x08009ba9   Thumb Code     6  stm32f10x_tim.o(.text)
    TIM_GetCapture2                          0x08009baf   Thumb Code     6  stm32f10x_tim.o(.text)
    TIM_GetCapture3                          0x08009bb5   Thumb Code     6  stm32f10x_tim.o(.text)
    TIM_GetCapture4                          0x08009bbb   Thumb Code     8  stm32f10x_tim.o(.text)
    TIM_GetCounter                           0x08009bc3   Thumb Code     6  stm32f10x_tim.o(.text)
    TIM_GetPrescaler                         0x08009bc9   Thumb Code     6  stm32f10x_tim.o(.text)
    TIM_GetFlagStatus                        0x08009bcf   Thumb Code    18  stm32f10x_tim.o(.text)
    TIM_ClearFlag                            0x08009be1   Thumb Code     6  stm32f10x_tim.o(.text)
    TIM_GetITStatus                          0x08009be7   Thumb Code    34  stm32f10x_tim.o(.text)
    TIM_ClearITPendingBit                    0x08009c09   Thumb Code     6  stm32f10x_tim.o(.text)
    EXTI_DeInit                              0x08009c11   Thumb Code    28  stm32f10x_exti.o(.text)
    EXTI_Init                                0x08009c2d   Thumb Code   142  stm32f10x_exti.o(.text)
    EXTI_StructInit                          0x08009cbb   Thumb Code    16  stm32f10x_exti.o(.text)
    EXTI_GenerateSWInterrupt                 0x08009ccb   Thumb Code    16  stm32f10x_exti.o(.text)
    EXTI_GetFlagStatus                       0x08009cdb   Thumb Code    22  stm32f10x_exti.o(.text)
    EXTI_ClearFlag                           0x08009cf1   Thumb Code     8  stm32f10x_exti.o(.text)
    EXTI_GetITStatus                         0x08009cf9   Thumb Code    34  stm32f10x_exti.o(.text)
    EXTI_ClearITPendingBit                   0x08009d1b   Thumb Code     8  stm32f10x_exti.o(.text)
    usmart_sys_cmd_exe                       0x08009d2d   Thumb Code  1554  usmart.o(.text)
    usmart_reset_runtime                     0x0800a33f   Thumb Code    38  usmart.o(.text)
    usmart_get_runtime                       0x0800a365   Thumb Code    60  usmart.o(.text)
    TIM8_IRQHandler                          0x0800a3a1   Thumb Code    46  usmart.o(.text)
    Timer4_Init                              0x0800a3cf   Thumb Code    88  usmart.o(.text)
    usmart_init                              0x0800a427   Thumb Code    36  usmart.o(.text)
    usmart_cmd_rec                           0x0800a44b   Thumb Code   170  usmart.o(.text)
    usmart_exe                               0x0800a4f5   Thumb Code   870  usmart.o(.text)
    usmart_scan                              0x0800a85b   Thumb Code   120  usmart.o(.text)
    read_addr                                0x0800a8d3   Thumb Code     6  usmart.o(.text)
    write_addr                               0x0800a8d9   Thumb Code     4  usmart.o(.text)
    usmart_strcmp                            0x0800a965   Thumb Code    34  usmart_str.o(.text)
    usmart_strcopy                           0x0800a987   Thumb Code    22  usmart_str.o(.text)
    usmart_strlen                            0x0800a99d   Thumb Code    24  usmart_str.o(.text)
    usmart_pow                               0x0800a9b5   Thumb Code    22  usmart_str.o(.text)
    usmart_str2num                           0x0800a9cb   Thumb Code   202  usmart_str.o(.text)
    usmart_get_cmdname                       0x0800aa95   Thumb Code    54  usmart_str.o(.text)
    usmart_search_nextc                      0x0800aacb   Thumb Code    22  usmart_str.o(.text)
    usmart_get_fname                         0x0800aae1   Thumb Code   440  usmart_str.o(.text)
    usmart_get_aparm                         0x0800ac99   Thumb Code   200  usmart_str.o(.text)
    usmart_get_parmpos                       0x0800ad61   Thumb Code    26  usmart_str.o(.text)
    usmart_get_fparam                        0x0800ad7b   Thumb Code   262  usmart_str.o(.text)
    strlen                                   0x0800ae8d   Thumb Code    14  strlen.o(.text)
    strcpy                                   0x0800ae9b   Thumb Code    18  strcpy.o(.text)
    __aeabi_dmul                             0x0800aead   Thumb Code   228  dmul.o(.text)
    __aeabi_ui2d                             0x0800af91   Thumb Code    26  dfltui.o(.text)
    __aeabi_d2uiz                            0x0800afab   Thumb Code    50  dfixui.o(.text)
    __aeabi_uldivmod                         0x0800afdd   Thumb Code    98  uldiv.o(.text)
    __aeabi_llsr                             0x0800b03f   Thumb Code    32  llushr.o(.text)
    _ll_ushift_r                             0x0800b03f   Thumb Code     0  llushr.o(.text)
    __I$use$fp                               0x0800b05f   Thumb Code     0  iusefp.o(.text)
    _double_round                            0x0800b05f   Thumb Code    30  depilogue.o(.text)
    _double_epilogue                         0x0800b07d   Thumb Code   156  depilogue.o(.text)
    __scatterload                            0x0800b119   Thumb Code    28  init.o(.text)
    __scatterload_rt2                        0x0800b119   Thumb Code     0  init.o(.text)
    __aeabi_llsl                             0x0800b13d   Thumb Code    30  llshl.o(.text)
    _ll_shift_l                              0x0800b13d   Thumb Code     0  llshl.o(.text)
    __decompress                             0x0800b15b   Thumb Code     0  __dczerorl2.o(.text)
    __decompress1                            0x0800b15b   Thumb Code    86  __dczerorl2.o(.text)
    __0printf$8                              0x0800b1b1   Thumb Code    22  printf8.o(i.__0printf$8)
    __1printf$8                              0x0800b1b1   Thumb Code     0  printf8.o(i.__0printf$8)
    __2printf                                0x0800b1b1   Thumb Code     0  printf8.o(i.__0printf$8)
    __scatterload_copy                       0x0800b1d1   Thumb Code    14  handlers.o(i.__scatterload_copy)
    __scatterload_null                       0x0800b1df   Thumb Code     2  handlers.o(i.__scatterload_null)
    __scatterload_zeroinit                   0x0800b1e1   Thumb Code    14  handlers.o(i.__scatterload_zeroinit)
    malloc                                   0x0800b655   Thumb Code    92  malloc.o(i.malloc)
    asc2_1206                                0x0800b6c0   Data        1140  lcd.o(.constdata)
    asc2_1608                                0x0800bb34   Data        1520  lcd.o(.constdata)
    asc2_2412                                0x0800c124   Data        3420  lcd.o(.constdata)
    table_week                               0x0800ce80   Data          12  rtc.o(.constdata)
    mon_table                                0x0800ce8c   Data          12  rtc.o(.constdata)
    Region$$Table$$Base                      0x0800cf68   Number         0  anon$$obj.o(Region$$Table)
    Region$$Table$$Limit                     0x0800cf88   Number         0  anon$$obj.o(Region$$Table)
    SystemCoreClock                          0x20000000   Data           4  system_stm32f10x.o(.data)
    AHBPrescTable                            0x20000004   Data          16  system_stm32f10x.o(.data)
    POINT_COLOR                              0x20000016   Data           2  lcd.o(.data)
    BACK_COLOR                               0x20000018   Data           2  lcd.o(.data)
    mymonth                                  0x2000001c   Data          52  exti.o(.data)
    max                                      0x20000050   Data          24  exti.o(.data)
    RmtSta                                   0x20000068   Data           1  remote.o(.data)
    Dval                                     0x2000006a   Data           2  remote.o(.data)
    RmtRec                                   0x2000006c   Data           4  remote.o(.data)
    RmtCnt                                   0x20000070   Data           1  remote.o(.data)
    USART3_RX_STA                            0x20000072   Data           2  usart3.o(.data)
    month                                    0x20000074   Data          52  calendar.o(.data)
    SR0_L                                    0x200000a8   Data           1  isd.o(.data)
    SR0_H                                    0x200000a9   Data           1  isd.o(.data)
    SR1                                      0x200000aa   Data           1  isd.o(.data)
    ID                                       0x200000ab   Data           1  isd.o(.data)
    APCL                                     0x200000ac   Data           1  isd.o(.data)
    APCH                                     0x200000ad   Data           1  isd.o(.data)
    __stdout                                 0x200000b4   Data           4  usart.o(.data)
    USART_RX_STA                             0x200000b8   Data           2  usart.o(.data)
    sys_cmd_tab                              0x200000d0   Data          28  usmart.o(.data)
    usmart_nametab                           0x200000ec   Data          40  usmart_config.o(.data)
    usmart_dev                               0x20000114   Data         244  usmart_config.o(.data)
    __microlib_freelist                      0x20000208   Data           4  mvars.o(.data)
    __microlib_freelist_initialised          0x2000020c   Data           4  mvars.o(.data)
    lcddev                                   0x20000210   Data          14  lcd.o(.bss)
    calendar                                 0x2000021e   Data          10  rtc.o(.bss)
    my_time                                  0x20000228   Data          24  exti.o(.bss)
    USART3_RX_BUF                            0x20000240   Data       30000  usart3.o(.bss)
    USART3_TX_BUF                            0x20007770   Data         600  usart3.o(.bss)
    rili                                     0x200079c8   Data         168  calendar.o(.bss)
    position                                 0x20007a70   Data         336  calendar.o(.bss)
    USART_RX_BUF                             0x20007bc0   Data         200  usart.o(.bss)
    __heap_base                              0x20007c88   Data           0  startup_stm32f10x_hd.o(HEAP)
    __heap_limit                             0x20007e88   Data           0  startup_stm32f10x_hd.o(HEAP)
    __initial_sp                             0x20008288   Data           0  startup_stm32f10x_hd.o(STACK)



==============================================================================

Memory Map of the image

  Image Entry point : 0x08000131

  Load Region LR_IROM1 (Base: 0x08000000, Size: 0x0000d198, Max: 0x00080000, ABSOLUTE, COMPRESSED[0x0000d018])

    Execution Region ER_IROM1 (Base: 0x08000000, Size: 0x0000cf88, Max: 0x00080000, ABSOLUTE)

    Base Addr    Size         Type   Attr      Idx    E Section Name        Object

    0x08000000   0x00000130   Data   RO          496    RESET               startup_stm32f10x_hd.o
    0x08000130   0x00000000   Code   RO          664  * .ARM.Collect$$$$00000000  mc_w.l(entry.o)
    0x08000130   0x00000004   Code   RO          966    .ARM.Collect$$$$00000001  mc_w.l(entry2.o)
    0x08000134   0x00000004   Code   RO          969    .ARM.Collect$$$$00000004  mc_w.l(entry5.o)
    0x08000138   0x00000000   Code   RO          971    .ARM.Collect$$$$00000008  mc_w.l(entry7b.o)
    0x08000138   0x00000000   Code   RO          973    .ARM.Collect$$$$0000000A  mc_w.l(entry8b.o)
    0x08000138   0x00000008   Code   RO          974    .ARM.Collect$$$$0000000B  mc_w.l(entry9a.o)
    0x08000140   0x00000000   Code   RO          976    .ARM.Collect$$$$0000000D  mc_w.l(entry10a.o)
    0x08000140   0x00000000   Code   RO          978    .ARM.Collect$$$$0000000F  mc_w.l(entry11a.o)
    0x08000140   0x00000004   Code   RO          967    .ARM.Collect$$$$00002712  mc_w.l(entry2.o)
    0x08000144   0x000003a8   Code   RO            1    .text               main.o
    0x080004ec   0x0000001a   Code   RO          161    .text               stm32f10x_it.o
    0x08000506   0x00000002   PAD
    0x08000508   0x000001e0   Code   RO          202    .text               system_stm32f10x.o
    0x080006e8   0x0000004c   Code   RO          220    .text               led.o
    0x08000734   0x000000d8   Code   RO          232    .text               key.o
    0x0800080c   0x00004a56   Code   RO          245    .text               lcd.o
    0x08005262   0x00000002   PAD
    0x08005264   0x00000658   Code   RO          272    .text               rtc.o
    0x080058bc   0x0000019c   Code   RO          305    .text               dht11.o
    0x08005a58   0x00000f50   Code   RO          317    .text               exti.o
    0x080069a8   0x00000038   Code   RO          337    .text               beep.o
    0x080069e0   0x000002bc   Code   RO          349    .text               remote.o
    0x08006c9c   0x00000130   Code   RO          367    .text               usart3.o
    0x08006dcc   0x000003b0   Code   RO          393    .text               calendar.o
    0x0800717c   0x00000574   Code   RO          412    .text               isd.o
    0x080076f0   0x000000d4   Code   RO          430    .text               delay.o
    0x080077c4   0x00000144   Code   RO          461    .text               usart.o
    0x08007908   0x00000024   Code   RO          497    .text               startup_stm32f10x_hd.o
    0x0800792c   0x000000dc   Code   RO          501    .text               misc.o
    0x08007a08   0x000000c4   Code   RO          513    .text               stm32f10x_bkp.o
    0x08007acc   0x0000060c   Code   RO          525    .text               stm32f10x_fsmc.o
    0x080080d8   0x0000035c   Code   RO          537    .text               stm32f10x_gpio.o
    0x08008434   0x000000cc   Code   RO          549    .text               stm32f10x_pwr.o
    0x08008500   0x000003a4   Code   RO          561    .text               stm32f10x_rcc.o
    0x080088a4   0x00000408   Code   RO          575    .text               stm32f10x_usart.o
    0x08008cac   0x00000148   Code   RO          587    .text               stm32f10x_rtc.o
    0x08008df4   0x00000e1a   Code   RO          599    .text               stm32f10x_tim.o
    0x08009c0e   0x00000002   PAD
    0x08009c10   0x0000011c   Code   RO          611    .text               stm32f10x_exti.o
    0x08009d2c   0x00000c38   Code   RO          623    .text               usmart.o
    0x0800a964   0x00000528   Code   RO          652    .text               usmart_str.o
    0x0800ae8c   0x0000000e   Code   RO          667    .text               mc_w.l(strlen.o)
    0x0800ae9a   0x00000012   Code   RO          669    .text               mc_w.l(strcpy.o)
    0x0800aeac   0x000000e4   Code   RO          960    .text               mf_w.l(dmul.o)
    0x0800af90   0x0000001a   Code   RO          962    .text               mf_w.l(dfltui.o)
    0x0800afaa   0x00000032   Code   RO          964    .text               mf_w.l(dfixui.o)
    0x0800afdc   0x00000062   Code   RO          982    .text               mc_w.l(uldiv.o)
    0x0800b03e   0x00000020   Code   RO          984    .text               mc_w.l(llushr.o)
    0x0800b05e   0x00000000   Code   RO          992    .text               mc_w.l(iusefp.o)
    0x0800b05e   0x000000ba   Code   RO          993    .text               mf_w.l(depilogue.o)
    0x0800b118   0x00000024   Code   RO         1003    .text               mc_w.l(init.o)
    0x0800b13c   0x0000001e   Code   RO         1005    .text               mc_w.l(llshl.o)
    0x0800b15a   0x00000056   Code   RO         1017    .text               mc_w.l(__dczerorl2.o)
    0x0800b1b0   0x00000020   Code   RO          878    i.__0printf$8       mc_w.l(printf8.o)
    0x0800b1d0   0x0000000e   Code   RO         1011    i.__scatterload_copy  mc_w.l(handlers.o)
    0x0800b1de   0x00000002   Code   RO         1012    i.__scatterload_null  mc_w.l(handlers.o)
    0x0800b1e0   0x0000000e   Code   RO         1013    i.__scatterload_zeroinit  mc_w.l(handlers.o)
    0x0800b1ee   0x00000002   PAD
    0x0800b1f0   0x00000410   Code   RO          885    i._printf_core      mc_w.l(printf8.o)
    0x0800b600   0x00000024   Code   RO          886    i._printf_post_padding  mc_w.l(printf8.o)
    0x0800b624   0x0000002e   Code   RO          887    i._printf_pre_padding  mc_w.l(printf8.o)
    0x0800b652   0x00000002   PAD
    0x0800b654   0x0000006c   Code   RO          933    i.malloc            mc_w.l(malloc.o)
    0x0800b6c0   0x000017c0   Data   RO          247    .constdata          lcd.o
    0x0800ce80   0x00000018   Data   RO          274    .constdata          rtc.o
    0x0800ce98   0x00000028   Data   RO          624    .conststring        usmart.o
    0x0800cec0   0x000000a7   Data   RO          639    .conststring        usmart_config.o
    0x0800cf67   0x00000001   PAD
    0x0800cf68   0x00000020   Data   RO         1009    Region$$Table       anon$$obj.o


    Execution Region RW_IRAM1 (Base: 0x20000000, Size: 0x00008288, Max: 0x00010000, ABSOLUTE, COMPRESSED[0x00000090])

    Base Addr    Size         Type   Attr      Idx    E Section Name        Object

    0x20000000   0x00000014   Data   RW          203    .data               system_stm32f10x.o
    0x20000014   0x00000001   Data   RW          233    .data               key.o
    0x20000015   0x00000001   PAD
    0x20000016   0x00000004   Data   RW          248    .data               lcd.o
    0x2000001a   0x00000002   Data   RW          275    .data               rtc.o
    0x2000001c   0x0000004c   Data   RW          319    .data               exti.o
    0x20000068   0x00000009   Data   RW          350    .data               remote.o
    0x20000071   0x00000001   PAD
    0x20000072   0x00000002   Data   RW          369    .data               usart3.o
    0x20000074   0x00000034   Data   RW          395    .data               calendar.o
    0x200000a8   0x00000006   Data   RW          413    .data               isd.o
    0x200000ae   0x00000004   Data   RW          431    .data               delay.o
    0x200000b2   0x00000002   PAD
    0x200000b4   0x00000006   Data   RW          463    .data               usart.o
    0x200000ba   0x00000014   Data   RW          562    .data               stm32f10x_rcc.o
    0x200000ce   0x00000002   PAD
    0x200000d0   0x0000001c   Data   RW          625    .data               usmart.o
    0x200000ec   0x0000011c   Data   RW          640    .data               usmart_config.o
    0x20000208   0x00000004   Data   RW          990    .data               mc_w.l(mvars.o)
    0x2000020c   0x00000004   Data   RW          991    .data               mc_w.l(mvars.o)
    0x20000210   0x0000000e   Zero   RW          246    .bss                lcd.o
    0x2000021e   0x0000000a   Zero   RW          273    .bss                rtc.o
    0x20000228   0x00000018   Zero   RW          318    .bss                exti.o
    0x20000240   0x00007788   Zero   RW          368    .bss                usart3.o
    0x200079c8   0x000001f8   Zero   RW          394    .bss                calendar.o
    0x20007bc0   0x000000c8   Zero   RW          462    .bss                usart.o
    0x20007c88   0x00000200   Zero   RW          495    HEAP                startup_stm32f10x_hd.o
    0x20007e88   0x00000400   Zero   RW          494    STACK               startup_stm32f10x_hd.o


==============================================================================

Image component sizes


      Code (inc. data)   RO Data    RW Data    ZI Data      Debug   Object Name

        56          6          0          0          0        452   beep.o
       944         72          0         52        504       2772   calendar.o
       212         18          0          4          0        951   delay.o
       412         12          0          0          0       2046   dht11.o
      3920        518          0         76         24       7083   exti.o
      1396         80          0          6          0       3744   isd.o
       216         14          0          1          0        772   key.o
     19030        162       6080          4         14      21602   lcd.o
        76          8          0          0          0        463   led.o
       936        222          0          0          0     263819   main.o
       220         22          0          0          0       1729   misc.o
       700         30          0          9          0       1640   remote.o
      1624        152         24          2         10       4964   rtc.o
        36          8        304          0       1536        756   startup_stm32f10x_hd.o
       196          8          0          0          0       3392   stm32f10x_bkp.o
       284         10          0          0          0       2159   stm32f10x_exti.o
      1548         18          0          0          0       5275   stm32f10x_fsmc.o
       860         38          0          0          0       5573   stm32f10x_gpio.o
        26          0          0          0          0       1146   stm32f10x_it.o
       204         14          0          0          0       1883   stm32f10x_pwr.o
       932         36          0         20          0       8708   stm32f10x_rcc.o
       328          4          0          0          0       2634   stm32f10x_rtc.o
      3610         88          0          0          0      22056   stm32f10x_tim.o
      1032         22          0          0          0       8300   stm32f10x_usart.o
         0          0          0          0          0         32   sys.o
       480         38          0         20          0       1635   system_stm32f10x.o
       324         18          0          6        200       3042   usart.o
       304         18          0          2      30600       1592   usart3.o
      3128       1288         40         28          0       4210   usmart.o
         0          0        167        284          0       1520   usmart_config.o
      1320         12          0          0          0       4981   usmart_str.o

    ----------------------------------------------------------------------
     44360       2936       6648        520      32888     390931   Object Totals
         0          0         32          0          0          0   (incl. Generated)
         6          0          1          6          0          0   (incl. Padding)

    ----------------------------------------------------------------------

      Code (inc. data)   RO Data    RW Data    ZI Data      Debug   Library Member Name

        86          0          0          0          0          0   __dczerorl2.o
         0          0          0          0          0          0   entry.o
         0          0          0          0          0          0   entry10a.o
         0          0          0          0          0          0   entry11a.o
         8          4          0          0          0          0   entry2.o
         4          0          0          0          0          0   entry5.o
         0          0          0          0          0          0   entry7b.o
         0          0          0          0          0          0   entry8b.o
         8          4          0          0          0          0   entry9a.o
        30          0          0          0          0          0   handlers.o
        36          8          0          0          0         68   init.o
         0          0          0          0          0          0   iusefp.o
        30          0          0          0          0         68   llshl.o
        32          0          0          0          0         68   llushr.o
       108         16          0          0          0         84   malloc.o
         0          0          0          8          0          0   mvars.o
      1154         54          0          0          0        352   printf8.o
        18          0          0          0          0         68   strcpy.o
        14          0          0          0          0         68   strlen.o
        98          0          0          0          0         92   uldiv.o
       186          0          0          0          0        176   depilogue.o
        50          0          0          0          0         76   dfixui.o
        26          0          0          0          0         76   dfltui.o
       228          0          0          0          0         96   dmul.o

    ----------------------------------------------------------------------
      2120         86          0          8          0       1292   Library Totals
         4          0          0          0          0          0   (incl. Padding)

    ----------------------------------------------------------------------

      Code (inc. data)   RO Data    RW Data    ZI Data      Debug   Library Name

      1626         86          0          8          0        868   mc_w.l
       490          0          0          0          0        424   mf_w.l

    ----------------------------------------------------------------------
      2120         86          0          8          0       1292   Library Totals

    ----------------------------------------------------------------------

==============================================================================


      Code (inc. data)   RO Data    RW Data    ZI Data      Debug   

     46480       3022       6648        528      32888     388971   Grand Totals
     46480       3022       6648        144      32888     388971   ELF Image Totals (compressed)
     46480       3022       6648        144          0          0   ROM Totals

==============================================================================

    Total RO  Size (Code + RO Data)                53128 (  51.88kB)
    Total RW  Size (RW Data + ZI Data)             33416 (  32.63kB)
    Total ROM Size (Code + RO Data + RW Data)      53272 (  52.02kB)

==============================================================================

